[Wed Jun  1 12:54:49 2016] CPU0 microcode updated early to revision 0x19, date = 2013-06-13
[Wed Jun  1 12:54:49 2016] Initializing cgroup subsys cpuset
[Wed Jun  1 12:54:49 2016] Initializing cgroup subsys cpu
[Wed Jun  1 12:54:49 2016] Initializing cgroup subsys cpuacct
[Wed Jun  1 12:54:49 2016] Linux version 3.10.0-123.el7.x86_64 (builder@kbuilder.dev.centos.org) (gcc version 4.8.2 20140120 (Red Hat 4.8.2-16) (GCC) ) #1 SMP Mon Jun 30 12:09:22 UTC 2014
[Wed Jun  1 12:54:49 2016] Command line: BOOT_IMAGE=/vmlinuz-3.10.0-123.el7.x86_64 root=UUID=b2054d16-4fd2-41c4-9929-6d27347ee0a3 ro rd.lvm.lv=centos/swap vconsole.font=latarcyrheb-sun16 rd.lvm.lv=centos/root crashkernel=auto vconsole.keymap=us rhgb quiet
[Wed Jun  1 12:54:49 2016] e820: BIOS-provided physical RAM map:
[Wed Jun  1 12:54:49 2016] BIOS-e820: [mem 0x0000000000000000-0x000000000009d7ff] usable
[Wed Jun  1 12:54:49 2016] BIOS-e820: [mem 0x000000000009d800-0x000000000009ffff] reserved
[Wed Jun  1 12:54:49 2016] BIOS-e820: [mem 0x00000000000e0000-0x00000000000fffff] reserved
[Wed Jun  1 12:54:49 2016] BIOS-e820: [mem 0x0000000000100000-0x000000001fffffff] usable
[Wed Jun  1 12:54:49 2016] BIOS-e820: [mem 0x0000000020000000-0x00000000201fffff] reserved
[Wed Jun  1 12:54:49 2016] BIOS-e820: [mem 0x0000000020200000-0x0000000040003fff] usable
[Wed Jun  1 12:54:49 2016] BIOS-e820: [mem 0x0000000040004000-0x0000000040004fff] reserved
[Wed Jun  1 12:54:49 2016] BIOS-e820: [mem 0x0000000040005000-0x00000000d9ca0fff] usable
[Wed Jun  1 12:54:49 2016] BIOS-e820: [mem 0x00000000d9ca1000-0x00000000da298fff] reserved
[Wed Jun  1 12:54:49 2016] BIOS-e820: [mem 0x00000000da299000-0x00000000da2a8fff] ACPI data
[Wed Jun  1 12:54:49 2016] BIOS-e820: [mem 0x00000000da2a9000-0x00000000da3bbfff] ACPI NVS
[Wed Jun  1 12:54:49 2016] BIOS-e820: [mem 0x00000000da3bc000-0x00000000da696fff] reserved
[Wed Jun  1 12:54:49 2016] BIOS-e820: [mem 0x00000000da697000-0x00000000da697fff] usable
[Wed Jun  1 12:54:49 2016] BIOS-e820: [mem 0x00000000da698000-0x00000000da6dafff] ACPI NVS
[Wed Jun  1 12:54:49 2016] BIOS-e820: [mem 0x00000000da6db000-0x00000000daffffff] usable
[Wed Jun  1 12:54:49 2016] BIOS-e820: [mem 0x00000000db800000-0x00000000df9fffff] reserved
[Wed Jun  1 12:54:49 2016] BIOS-e820: [mem 0x00000000f8000000-0x00000000fbffffff] reserved
[Wed Jun  1 12:54:49 2016] BIOS-e820: [mem 0x00000000fec00000-0x00000000fec00fff] reserved
[Wed Jun  1 12:54:49 2016] BIOS-e820: [mem 0x00000000fed00000-0x00000000fed03fff] reserved
[Wed Jun  1 12:54:49 2016] BIOS-e820: [mem 0x00000000fed1c000-0x00000000fed1ffff] reserved
[Wed Jun  1 12:54:49 2016] BIOS-e820: [mem 0x00000000fee00000-0x00000000fee00fff] reserved
[Wed Jun  1 12:54:49 2016] BIOS-e820: [mem 0x00000000ff000000-0x00000000ffffffff] reserved
[Wed Jun  1 12:54:49 2016] BIOS-e820: [mem 0x0000000100000000-0x000000081f5fffff] usable
[Wed Jun  1 12:54:49 2016] NX (Execute Disable) protection: active
[Wed Jun  1 12:54:49 2016] SMBIOS 2.7 present.
[Wed Jun  1 12:54:49 2016] DMI:                  /DH77EB, BIOS EBH7710H.86A.0100.2013.0312.1351 03/12/2013
[Wed Jun  1 12:54:49 2016] e820: update [mem 0x00000000-0x00000fff] usable ==> reserved
[Wed Jun  1 12:54:49 2016] e820: remove [mem 0x000a0000-0x000fffff] usable
[Wed Jun  1 12:54:49 2016] No AGP bridge found
[Wed Jun  1 12:54:49 2016] e820: last_pfn = 0x81f600 max_arch_pfn = 0x400000000
[Wed Jun  1 12:54:49 2016] MTRR default type: uncachable
[Wed Jun  1 12:54:49 2016] MTRR fixed ranges enabled:
[Wed Jun  1 12:54:49 2016]   00000-9FFFF write-back
[Wed Jun  1 12:54:49 2016]   A0000-BFFFF uncachable
[Wed Jun  1 12:54:49 2016]   C0000-CFFFF write-protect
[Wed Jun  1 12:54:49 2016]   D0000-E7FFF uncachable
[Wed Jun  1 12:54:49 2016]   E8000-FFFFF write-protect
[Wed Jun  1 12:54:49 2016] MTRR variable ranges enabled:
[Wed Jun  1 12:54:49 2016]   0 base 000000000 mask 800000000 write-back
[Wed Jun  1 12:54:49 2016]   1 base 800000000 mask FE0000000 write-back
[Wed Jun  1 12:54:49 2016]   2 base 0E0000000 mask FE0000000 uncachable
[Wed Jun  1 12:54:49 2016]   3 base 0DC000000 mask FFC000000 uncachable
[Wed Jun  1 12:54:49 2016]   4 base 0DB800000 mask FFF800000 uncachable
[Wed Jun  1 12:54:49 2016]   5 base 81F800000 mask FFF800000 uncachable
[Wed Jun  1 12:54:49 2016]   6 base 81F600000 mask FFFE00000 uncachable
[Wed Jun  1 12:54:49 2016]   7 disabled
[Wed Jun  1 12:54:49 2016]   8 disabled
[Wed Jun  1 12:54:49 2016]   9 disabled
[Wed Jun  1 12:54:49 2016] x86 PAT enabled: cpu 0, old 0x7040600070406, new 0x7010600070106
[Wed Jun  1 12:54:49 2016] original variable MTRRs
[Wed Jun  1 12:54:49 2016] reg 0, base: 0GB, range: 32GB, type WB
[Wed Jun  1 12:54:49 2016] reg 1, base: 32GB, range: 512MB, type WB
[Wed Jun  1 12:54:49 2016] reg 2, base: 3584MB, range: 512MB, type UC
[Wed Jun  1 12:54:49 2016] reg 3, base: 3520MB, range: 64MB, type UC
[Wed Jun  1 12:54:49 2016] reg 4, base: 3512MB, range: 8MB, type UC
[Wed Jun  1 12:54:49 2016] reg 5, base: 33272MB, range: 8MB, type UC
[Wed Jun  1 12:54:49 2016] reg 6, base: 33270MB, range: 2MB, type UC
[Wed Jun  1 12:54:49 2016] total RAM covered: 32686M
[Wed Jun  1 12:54:49 2016]  gran_size: 64K 	chunk_size: 64K 	num_reg: 10  	lose cover RAM: 502M
[Wed Jun  1 12:54:49 2016]  gran_size: 64K 	chunk_size: 128K 	num_reg: 10  	lose cover RAM: 502M
[Wed Jun  1 12:54:49 2016]  gran_size: 64K 	chunk_size: 256K 	num_reg: 10  	lose cover RAM: 502M
[Wed Jun  1 12:54:49 2016]  gran_size: 64K 	chunk_size: 512K 	num_reg: 10  	lose cover RAM: 502M
[Wed Jun  1 12:54:49 2016]  gran_size: 64K 	chunk_size: 1M 	num_reg: 10  	lose cover RAM: 502M
[Wed Jun  1 12:54:49 2016]  gran_size: 64K 	chunk_size: 2M 	num_reg: 10  	lose cover RAM: 502M
[Wed Jun  1 12:54:49 2016]  gran_size: 64K 	chunk_size: 4M 	num_reg: 10  	lose cover RAM: 502M
[Wed Jun  1 12:54:49 2016]  gran_size: 64K 	chunk_size: 8M 	num_reg: 10  	lose cover RAM: 502M
[Wed Jun  1 12:54:49 2016] *BAD*gran_size: 64K 	chunk_size: 16M 	num_reg: 10  	lose cover RAM: -10M
[Wed Jun  1 12:54:49 2016] *BAD*gran_size: 64K 	chunk_size: 32M 	num_reg: 10  	lose cover RAM: -10M
[Wed Jun  1 12:54:49 2016] *BAD*gran_size: 64K 	chunk_size: 64M 	num_reg: 10  	lose cover RAM: -10M
[Wed Jun  1 12:54:49 2016] *BAD*gran_size: 64K 	chunk_size: 128M 	num_reg: 10  	lose cover RAM: -8M
[Wed Jun  1 12:54:49 2016] *BAD*gran_size: 64K 	chunk_size: 256M 	num_reg: 10  	lose cover RAM: -8M
[Wed Jun  1 12:54:49 2016] *BAD*gran_size: 64K 	chunk_size: 512M 	num_reg: 10  	lose cover RAM: -8M
[Wed Jun  1 12:54:49 2016] *BAD*gran_size: 64K 	chunk_size: 1G 	num_reg: 10  	lose cover RAM: -512M
[Wed Jun  1 12:54:49 2016] *BAD*gran_size: 64K 	chunk_size: 2G 	num_reg: 10  	lose cover RAM: -1536M
[Wed Jun  1 12:54:49 2016]  gran_size: 128K 	chunk_size: 128K 	num_reg: 10  	lose cover RAM: 502M
[Wed Jun  1 12:54:49 2016]  gran_size: 128K 	chunk_size: 256K 	num_reg: 10  	lose cover RAM: 502M
[Wed Jun  1 12:54:49 2016]  gran_size: 128K 	chunk_size: 512K 	num_reg: 10  	lose cover RAM: 502M
[Wed Jun  1 12:54:49 2016]  gran_size: 128K 	chunk_size: 1M 	num_reg: 10  	lose cover RAM: 502M
[Wed Jun  1 12:54:49 2016]  gran_size: 128K 	chunk_size: 2M 	num_reg: 10  	lose cover RAM: 502M
[Wed Jun  1 12:54:49 2016]  gran_size: 128K 	chunk_size: 4M 	num_reg: 10  	lose cover RAM: 502M
[Wed Jun  1 12:54:49 2016]  gran_size: 128K 	chunk_size: 8M 	num_reg: 10  	lose cover RAM: 502M
[Wed Jun  1 12:54:49 2016] *BAD*gran_size: 128K 	chunk_size: 16M 	num_reg: 10  	lose cover RAM: -10M
[Wed Jun  1 12:54:49 2016] *BAD*gran_size: 128K 	chunk_size: 32M 	num_reg: 10  	lose cover RAM: -10M
[Wed Jun  1 12:54:49 2016] *BAD*gran_size: 128K 	chunk_size: 64M 	num_reg: 10  	lose cover RAM: -10M
[Wed Jun  1 12:54:49 2016] *BAD*gran_size: 128K 	chunk_size: 128M 	num_reg: 10  	lose cover RAM: -8M
[Wed Jun  1 12:54:49 2016] *BAD*gran_size: 128K 	chunk_size: 256M 	num_reg: 10  	lose cover RAM: -8M
[Wed Jun  1 12:54:49 2016] *BAD*gran_size: 128K 	chunk_size: 512M 	num_reg: 10  	lose cover RAM: -8M
[Wed Jun  1 12:54:49 2016] *BAD*gran_size: 128K 	chunk_size: 1G 	num_reg: 10  	lose cover RAM: -512M
[Wed Jun  1 12:54:49 2016] *BAD*gran_size: 128K 	chunk_size: 2G 	num_reg: 10  	lose cover RAM: -1536M
[Wed Jun  1 12:54:49 2016]  gran_size: 256K 	chunk_size: 256K 	num_reg: 10  	lose cover RAM: 502M
[Wed Jun  1 12:54:49 2016]  gran_size: 256K 	chunk_size: 512K 	num_reg: 10  	lose cover RAM: 502M
[Wed Jun  1 12:54:49 2016]  gran_size: 256K 	chunk_size: 1M 	num_reg: 10  	lose cover RAM: 502M
[Wed Jun  1 12:54:49 2016]  gran_size: 256K 	chunk_size: 2M 	num_reg: 10  	lose cover RAM: 502M
[Wed Jun  1 12:54:49 2016]  gran_size: 256K 	chunk_size: 4M 	num_reg: 10  	lose cover RAM: 502M
[Wed Jun  1 12:54:49 2016]  gran_size: 256K 	chunk_size: 8M 	num_reg: 10  	lose cover RAM: 502M
[Wed Jun  1 12:54:49 2016] *BAD*gran_size: 256K 	chunk_size: 16M 	num_reg: 10  	lose cover RAM: -10M
[Wed Jun  1 12:54:49 2016] *BAD*gran_size: 256K 	chunk_size: 32M 	num_reg: 10  	lose cover RAM: -10M
[Wed Jun  1 12:54:49 2016] *BAD*gran_size: 256K 	chunk_size: 64M 	num_reg: 10  	lose cover RAM: -10M
[Wed Jun  1 12:54:49 2016] *BAD*gran_size: 256K 	chunk_size: 128M 	num_reg: 10  	lose cover RAM: -8M
[Wed Jun  1 12:54:49 2016] *BAD*gran_size: 256K 	chunk_size: 256M 	num_reg: 10  	lose cover RAM: -8M
[Wed Jun  1 12:54:49 2016] *BAD*gran_size: 256K 	chunk_size: 512M 	num_reg: 10  	lose cover RAM: -8M
[Wed Jun  1 12:54:49 2016] *BAD*gran_size: 256K 	chunk_size: 1G 	num_reg: 10  	lose cover RAM: -512M
[Wed Jun  1 12:54:49 2016] *BAD*gran_size: 256K 	chunk_size: 2G 	num_reg: 10  	lose cover RAM: -1536M
[Wed Jun  1 12:54:49 2016]  gran_size: 512K 	chunk_size: 512K 	num_reg: 10  	lose cover RAM: 502M
[Wed Jun  1 12:54:49 2016]  gran_size: 512K 	chunk_size: 1M 	num_reg: 10  	lose cover RAM: 502M
[Wed Jun  1 12:54:49 2016]  gran_size: 512K 	chunk_size: 2M 	num_reg: 10  	lose cover RAM: 502M
[Wed Jun  1 12:54:49 2016]  gran_size: 512K 	chunk_size: 4M 	num_reg: 10  	lose cover RAM: 502M
[Wed Jun  1 12:54:49 2016]  gran_size: 512K 	chunk_size: 8M 	num_reg: 10  	lose cover RAM: 502M
[Wed Jun  1 12:54:49 2016] *BAD*gran_size: 512K 	chunk_size: 16M 	num_reg: 10  	lose cover RAM: -10M
[Wed Jun  1 12:54:49 2016] *BAD*gran_size: 512K 	chunk_size: 32M 	num_reg: 10  	lose cover RAM: -10M
[Wed Jun  1 12:54:49 2016] *BAD*gran_size: 512K 	chunk_size: 64M 	num_reg: 10  	lose cover RAM: -10M
[Wed Jun  1 12:54:49 2016] *BAD*gran_size: 512K 	chunk_size: 128M 	num_reg: 10  	lose cover RAM: -8M
[Wed Jun  1 12:54:49 2016] *BAD*gran_size: 512K 	chunk_size: 256M 	num_reg: 10  	lose cover RAM: -8M
[Wed Jun  1 12:54:49 2016] *BAD*gran_size: 512K 	chunk_size: 512M 	num_reg: 10  	lose cover RAM: -8M
[Wed Jun  1 12:54:49 2016] *BAD*gran_size: 512K 	chunk_size: 1G 	num_reg: 10  	lose cover RAM: -512M
[Wed Jun  1 12:54:49 2016] *BAD*gran_size: 512K 	chunk_size: 2G 	num_reg: 10  	lose cover RAM: -1536M
[Wed Jun  1 12:54:49 2016]  gran_size: 1M 	chunk_size: 1M 	num_reg: 10  	lose cover RAM: 502M
[Wed Jun  1 12:54:49 2016]  gran_size: 1M 	chunk_size: 2M 	num_reg: 10  	lose cover RAM: 502M
[Wed Jun  1 12:54:49 2016]  gran_size: 1M 	chunk_size: 4M 	num_reg: 10  	lose cover RAM: 502M
[Wed Jun  1 12:54:49 2016]  gran_size: 1M 	chunk_size: 8M 	num_reg: 10  	lose cover RAM: 502M
[Wed Jun  1 12:54:49 2016] *BAD*gran_size: 1M 	chunk_size: 16M 	num_reg: 10  	lose cover RAM: -10M
[Wed Jun  1 12:54:49 2016] *BAD*gran_size: 1M 	chunk_size: 32M 	num_reg: 10  	lose cover RAM: -10M
[Wed Jun  1 12:54:49 2016] *BAD*gran_size: 1M 	chunk_size: 64M 	num_reg: 10  	lose cover RAM: -10M
[Wed Jun  1 12:54:49 2016] *BAD*gran_size: 1M 	chunk_size: 128M 	num_reg: 10  	lose cover RAM: -8M
[Wed Jun  1 12:54:49 2016] *BAD*gran_size: 1M 	chunk_size: 256M 	num_reg: 10  	lose cover RAM: -8M
[Wed Jun  1 12:54:49 2016] *BAD*gran_size: 1M 	chunk_size: 512M 	num_reg: 10  	lose cover RAM: -8M
[Wed Jun  1 12:54:49 2016] *BAD*gran_size: 1M 	chunk_size: 1G 	num_reg: 10  	lose cover RAM: -512M
[Wed Jun  1 12:54:49 2016] *BAD*gran_size: 1M 	chunk_size: 2G 	num_reg: 10  	lose cover RAM: -1536M
[Wed Jun  1 12:54:49 2016]  gran_size: 2M 	chunk_size: 2M 	num_reg: 10  	lose cover RAM: 502M
[Wed Jun  1 12:54:49 2016]  gran_size: 2M 	chunk_size: 4M 	num_reg: 10  	lose cover RAM: 502M
[Wed Jun  1 12:54:49 2016]  gran_size: 2M 	chunk_size: 8M 	num_reg: 10  	lose cover RAM: 502M
[Wed Jun  1 12:54:49 2016] *BAD*gran_size: 2M 	chunk_size: 16M 	num_reg: 10  	lose cover RAM: -10M
[Wed Jun  1 12:54:49 2016] *BAD*gran_size: 2M 	chunk_size: 32M 	num_reg: 10  	lose cover RAM: -10M
[Wed Jun  1 12:54:49 2016] *BAD*gran_size: 2M 	chunk_size: 64M 	num_reg: 10  	lose cover RAM: -10M
[Wed Jun  1 12:54:49 2016] *BAD*gran_size: 2M 	chunk_size: 128M 	num_reg: 10  	lose cover RAM: -8M
[Wed Jun  1 12:54:49 2016] *BAD*gran_size: 2M 	chunk_size: 256M 	num_reg: 10  	lose cover RAM: -8M
[Wed Jun  1 12:54:49 2016] *BAD*gran_size: 2M 	chunk_size: 512M 	num_reg: 10  	lose cover RAM: -8M
[Wed Jun  1 12:54:49 2016] *BAD*gran_size: 2M 	chunk_size: 1G 	num_reg: 10  	lose cover RAM: -512M
[Wed Jun  1 12:54:49 2016] *BAD*gran_size: 2M 	chunk_size: 2G 	num_reg: 10  	lose cover RAM: -1536M
[Wed Jun  1 12:54:49 2016]  gran_size: 4M 	chunk_size: 4M 	num_reg: 10  	lose cover RAM: 502M
[Wed Jun  1 12:54:49 2016]  gran_size: 4M 	chunk_size: 8M 	num_reg: 10  	lose cover RAM: 502M
[Wed Jun  1 12:54:49 2016] *BAD*gran_size: 4M 	chunk_size: 16M 	num_reg: 10  	lose cover RAM: -10M
[Wed Jun  1 12:54:49 2016] *BAD*gran_size: 4M 	chunk_size: 32M 	num_reg: 10  	lose cover RAM: -10M
[Wed Jun  1 12:54:49 2016] *BAD*gran_size: 4M 	chunk_size: 64M 	num_reg: 10  	lose cover RAM: -10M
[Wed Jun  1 12:54:49 2016] *BAD*gran_size: 4M 	chunk_size: 128M 	num_reg: 10  	lose cover RAM: -6M
[Wed Jun  1 12:54:49 2016] *BAD*gran_size: 4M 	chunk_size: 256M 	num_reg: 10  	lose cover RAM: -6M
[Wed Jun  1 12:54:49 2016] *BAD*gran_size: 4M 	chunk_size: 512M 	num_reg: 10  	lose cover RAM: -6M
[Wed Jun  1 12:54:49 2016] *BAD*gran_size: 4M 	chunk_size: 1G 	num_reg: 10  	lose cover RAM: -510M
[Wed Jun  1 12:54:49 2016] *BAD*gran_size: 4M 	chunk_size: 2G 	num_reg: 10  	lose cover RAM: -1534M
[Wed Jun  1 12:54:49 2016]  gran_size: 8M 	chunk_size: 8M 	num_reg: 10  	lose cover RAM: 502M
[Wed Jun  1 12:54:49 2016]  gran_size: 8M 	chunk_size: 16M 	num_reg: 10  	lose cover RAM: 246M
[Wed Jun  1 12:54:49 2016] *BAD*gran_size: 8M 	chunk_size: 32M 	num_reg: 10  	lose cover RAM: -10M
[Wed Jun  1 12:54:49 2016] *BAD*gran_size: 8M 	chunk_size: 64M 	num_reg: 10  	lose cover RAM: -10M
[Wed Jun  1 12:54:49 2016]  gran_size: 8M 	chunk_size: 128M 	num_reg: 10  	lose cover RAM: 6M
[Wed Jun  1 12:54:49 2016]  gran_size: 8M 	chunk_size: 256M 	num_reg: 10  	lose cover RAM: 6M
[Wed Jun  1 12:54:49 2016]  gran_size: 8M 	chunk_size: 512M 	num_reg: 10  	lose cover RAM: 6M
[Wed Jun  1 12:54:49 2016]  gran_size: 8M 	chunk_size: 1G 	num_reg: 10  	lose cover RAM: 6M
[Wed Jun  1 12:54:49 2016] *BAD*gran_size: 8M 	chunk_size: 2G 	num_reg: 10  	lose cover RAM: -1018M
[Wed Jun  1 12:54:49 2016]  gran_size: 16M 	chunk_size: 16M 	num_reg: 10  	lose cover RAM: 254M
[Wed Jun  1 12:54:49 2016] *BAD*gran_size: 16M 	chunk_size: 32M 	num_reg: 10  	lose cover RAM: -2M
[Wed Jun  1 12:54:49 2016] *BAD*gran_size: 16M 	chunk_size: 64M 	num_reg: 10  	lose cover RAM: -2M
[Wed Jun  1 12:54:49 2016]  gran_size: 16M 	chunk_size: 128M 	num_reg: 10  	lose cover RAM: 14M
[Wed Jun  1 12:54:49 2016]  gran_size: 16M 	chunk_size: 256M 	num_reg: 10  	lose cover RAM: 14M
[Wed Jun  1 12:54:49 2016]  gran_size: 16M 	chunk_size: 512M 	num_reg: 10  	lose cover RAM: 14M
[Wed Jun  1 12:54:49 2016]  gran_size: 16M 	chunk_size: 1G 	num_reg: 10  	lose cover RAM: 14M
[Wed Jun  1 12:54:49 2016] *BAD*gran_size: 16M 	chunk_size: 2G 	num_reg: 10  	lose cover RAM: -1010M
[Wed Jun  1 12:54:49 2016]  gran_size: 32M 	chunk_size: 32M 	num_reg: 10  	lose cover RAM: 142M
[Wed Jun  1 12:54:49 2016]  gran_size: 32M 	chunk_size: 64M 	num_reg: 10  	lose cover RAM: 14M
[Wed Jun  1 12:54:49 2016]  gran_size: 32M 	chunk_size: 128M 	num_reg: 10  	lose cover RAM: 46M
[Wed Jun  1 12:54:49 2016]  gran_size: 32M 	chunk_size: 256M 	num_reg: 10  	lose cover RAM: 46M
[Wed Jun  1 12:54:49 2016]  gran_size: 32M 	chunk_size: 512M 	num_reg: 10  	lose cover RAM: 46M
[Wed Jun  1 12:54:49 2016]  gran_size: 32M 	chunk_size: 1G 	num_reg: 10  	lose cover RAM: 46M
[Wed Jun  1 12:54:49 2016] *BAD*gran_size: 32M 	chunk_size: 2G 	num_reg: 10  	lose cover RAM: -978M
[Wed Jun  1 12:54:49 2016]  gran_size: 64M 	chunk_size: 64M 	num_reg: 10  	lose cover RAM: 110M
[Wed Jun  1 12:54:49 2016]  gran_size: 64M 	chunk_size: 128M 	num_reg: 9  	lose cover RAM: 110M
[Wed Jun  1 12:54:49 2016]  gran_size: 64M 	chunk_size: 256M 	num_reg: 9  	lose cover RAM: 110M
[Wed Jun  1 12:54:49 2016]  gran_size: 64M 	chunk_size: 512M 	num_reg: 9  	lose cover RAM: 110M
[Wed Jun  1 12:54:49 2016]  gran_size: 64M 	chunk_size: 1G 	num_reg: 9  	lose cover RAM: 110M
[Wed Jun  1 12:54:49 2016]  gran_size: 64M 	chunk_size: 2G 	num_reg: 10  	lose cover RAM: 110M
[Wed Jun  1 12:54:49 2016]  gran_size: 128M 	chunk_size: 128M 	num_reg: 9  	lose cover RAM: 174M
[Wed Jun  1 12:54:49 2016]  gran_size: 128M 	chunk_size: 256M 	num_reg: 9  	lose cover RAM: 174M
[Wed Jun  1 12:54:49 2016]  gran_size: 128M 	chunk_size: 512M 	num_reg: 9  	lose cover RAM: 174M
[Wed Jun  1 12:54:49 2016]  gran_size: 128M 	chunk_size: 1G 	num_reg: 9  	lose cover RAM: 174M
[Wed Jun  1 12:54:49 2016]  gran_size: 128M 	chunk_size: 2G 	num_reg: 10  	lose cover RAM: 174M
[Wed Jun  1 12:54:49 2016]  gran_size: 256M 	chunk_size: 256M 	num_reg: 7  	lose cover RAM: 430M
[Wed Jun  1 12:54:49 2016]  gran_size: 256M 	chunk_size: 512M 	num_reg: 9  	lose cover RAM: 430M
[Wed Jun  1 12:54:49 2016]  gran_size: 256M 	chunk_size: 1G 	num_reg: 9  	lose cover RAM: 430M
[Wed Jun  1 12:54:49 2016]  gran_size: 256M 	chunk_size: 2G 	num_reg: 10  	lose cover RAM: 430M
[Wed Jun  1 12:54:49 2016]  gran_size: 512M 	chunk_size: 512M 	num_reg: 5  	lose cover RAM: 942M
[Wed Jun  1 12:54:49 2016]  gran_size: 512M 	chunk_size: 1G 	num_reg: 5  	lose cover RAM: 942M
[Wed Jun  1 12:54:49 2016]  gran_size: 512M 	chunk_size: 2G 	num_reg: 5  	lose cover RAM: 942M
[Wed Jun  1 12:54:49 2016]  gran_size: 1G 	chunk_size: 1G 	num_reg: 5  	lose cover RAM: 942M
[Wed Jun  1 12:54:49 2016]  gran_size: 1G 	chunk_size: 2G 	num_reg: 5  	lose cover RAM: 942M
[Wed Jun  1 12:54:49 2016]  gran_size: 2G 	chunk_size: 2G 	num_reg: 4  	lose cover RAM: 1966M
[Wed Jun  1 12:54:49 2016] mtrr_cleanup: can not find optimal value
[Wed Jun  1 12:54:49 2016] please specify mtrr_gran_size/mtrr_chunk_size
[Wed Jun  1 12:54:49 2016] e820: update [mem 0xdb800000-0xffffffff] usable ==> reserved
[Wed Jun  1 12:54:49 2016] e820: last_pfn = 0xdb000 max_arch_pfn = 0x400000000
[Wed Jun  1 12:54:49 2016] found SMP MP-table at [mem 0x000fd760-0x000fd76f] mapped at [ffff8800000fd760]
[Wed Jun  1 12:54:49 2016] Base memory trampoline at [ffff880000097000] 97000 size 24576
[Wed Jun  1 12:54:49 2016] init_memory_mapping: [mem 0x00000000-0x000fffff]
[Wed Jun  1 12:54:49 2016]  [mem 0x00000000-0x000fffff] page 4k
[Wed Jun  1 12:54:49 2016] BRK [0x01e1d000, 0x01e1dfff] PGTABLE
[Wed Jun  1 12:54:49 2016] BRK [0x01e1e000, 0x01e1efff] PGTABLE
[Wed Jun  1 12:54:49 2016] BRK [0x01e1f000, 0x01e1ffff] PGTABLE
[Wed Jun  1 12:54:49 2016] init_memory_mapping: [mem 0x81f400000-0x81f5fffff]
[Wed Jun  1 12:54:49 2016]  [mem 0x81f400000-0x81f5fffff] page 2M
[Wed Jun  1 12:54:49 2016] BRK [0x01e20000, 0x01e20fff] PGTABLE
[Wed Jun  1 12:54:49 2016] init_memory_mapping: [mem 0x81c000000-0x81f3fffff]
[Wed Jun  1 12:54:49 2016]  [mem 0x81c000000-0x81f3fffff] page 2M
[Wed Jun  1 12:54:49 2016] init_memory_mapping: [mem 0x800000000-0x81bffffff]
[Wed Jun  1 12:54:49 2016]  [mem 0x800000000-0x81bffffff] page 2M
[Wed Jun  1 12:54:49 2016] init_memory_mapping: [mem 0x00100000-0x1fffffff]
[Wed Jun  1 12:54:49 2016]  [mem 0x00100000-0x001fffff] page 4k
[Wed Jun  1 12:54:49 2016]  [mem 0x00200000-0x1fffffff] page 2M
[Wed Jun  1 12:54:49 2016] init_memory_mapping: [mem 0x20200000-0x40003fff]
[Wed Jun  1 12:54:49 2016]  [mem 0x20200000-0x3fffffff] page 2M
[Wed Jun  1 12:54:49 2016]  [mem 0x40000000-0x40003fff] page 4k
[Wed Jun  1 12:54:49 2016] BRK [0x01e21000, 0x01e21fff] PGTABLE
[Wed Jun  1 12:54:49 2016] BRK [0x01e22000, 0x01e22fff] PGTABLE
[Wed Jun  1 12:54:49 2016] init_memory_mapping: [mem 0x40005000-0xd9ca0fff]
[Wed Jun  1 12:54:49 2016]  [mem 0x40005000-0x401fffff] page 4k
[Wed Jun  1 12:54:49 2016]  [mem 0x40200000-0xd9bfffff] page 2M
[Wed Jun  1 12:54:49 2016]  [mem 0xd9c00000-0xd9ca0fff] page 4k
[Wed Jun  1 12:54:49 2016] init_memory_mapping: [mem 0xda697000-0xda697fff]
[Wed Jun  1 12:54:49 2016]  [mem 0xda697000-0xda697fff] page 4k
[Wed Jun  1 12:54:49 2016] init_memory_mapping: [mem 0xda6db000-0xdaffffff]
[Wed Jun  1 12:54:49 2016]  [mem 0xda6db000-0xda7fffff] page 4k
[Wed Jun  1 12:54:49 2016]  [mem 0xda800000-0xdaffffff] page 2M
[Wed Jun  1 12:54:49 2016] init_memory_mapping: [mem 0x100000000-0x7ffffffff]
[Wed Jun  1 12:54:49 2016]  [mem 0x100000000-0x7ffffffff] page 2M
[Wed Jun  1 12:54:49 2016] RAMDISK: [mem 0x35e22000-0x36f08fff]
[Wed Jun  1 12:54:49 2016] Reserving 162MB of memory at 688MB for crashkernel (System RAM: 32665MB)
[Wed Jun  1 12:54:49 2016] ACPI: RSDP 00000000000f0490 00024 (v02  INTEL)
[Wed Jun  1 12:54:49 2016] ACPI: XSDT 00000000da29d078 0006C (v01  INTEL   DH77EB 00000064 AMI  00010013)
[Wed Jun  1 12:54:49 2016] ACPI: FACP 00000000da2a7160 0010C (v05  INTEL   DH77EB 00000064 AMI  00010013)
[Wed Jun  1 12:54:49 2016] ACPI: DSDT 00000000da29d170 09FE9 (v02  INTEL   DH77EB 00000100 INTL 20051117)
[Wed Jun  1 12:54:49 2016] ACPI: FACS 00000000da3ba080 00040
[Wed Jun  1 12:54:49 2016] ACPI: APIC 00000000da2a7270 00072 (v03  INTEL   DH77EB 00000064 AMI  00010013)
[Wed Jun  1 12:54:49 2016] ACPI: FPDT 00000000da2a72e8 00044 (v01  INTEL   DH77EB 00000064 AMI  00010013)
[Wed Jun  1 12:54:49 2016] ACPI: MCFG 00000000da2a7330 0003C (v01  INTEL   DH77EB 00000064 MSFT 00000097)
[Wed Jun  1 12:54:49 2016] ACPI: HPET 00000000da2a7370 00038 (v01  INTEL   DH77EB 00000064 AMI. 00000005)
[Wed Jun  1 12:54:49 2016] ACPI: SSDT 00000000da2a73a8 0036D (v01 SataRe SataTabl 00001000 INTL 20091112)
[Wed Jun  1 12:54:49 2016] ACPI: SSDT 00000000da2a7718 009AA (v01  PmRef  Cpu0Ist 00003000 INTL 20051117)
[Wed Jun  1 12:54:49 2016] ACPI: SSDT 00000000da2a80c8 00A92 (v01  PmRef    CpuPm 00003000 INTL 20051117)
[Wed Jun  1 12:54:49 2016] ACPI: DMAR 00000000da2a8b60 000B8 (v01 INTEL      SNB  00000001 INTL 00000001)
[Wed Jun  1 12:54:49 2016] ACPI: Local APIC address 0xfee00000
[Wed Jun  1 12:54:49 2016] No NUMA configuration found
[Wed Jun  1 12:54:49 2016] Faking a node at [mem 0x0000000000000000-0x000000081f5fffff]
[Wed Jun  1 12:54:49 2016] Initmem setup node 0 [mem 0x00000000-0x81f5fffff]
[Wed Jun  1 12:54:49 2016]   NODE_DATA [mem 0x81f5b9000-0x81f5dffff]
[Wed Jun  1 12:54:49 2016]  [ffffea0000000000-ffffea00207fffff] PMD -> [ffff8807fec00000-ffff88081ebfffff] on node 0
[Wed Jun  1 12:54:49 2016] Zone ranges:
[Wed Jun  1 12:54:49 2016]   DMA      [mem 0x00001000-0x00ffffff]
[Wed Jun  1 12:54:49 2016]   DMA32    [mem 0x01000000-0xffffffff]
[Wed Jun  1 12:54:49 2016]   Normal   [mem 0x100000000-0x81f5fffff]
[Wed Jun  1 12:54:49 2016] Movable zone start for each node
[Wed Jun  1 12:54:49 2016] Early memory node ranges
[Wed Jun  1 12:54:49 2016]   node   0: [mem 0x00001000-0x0009cfff]
[Wed Jun  1 12:54:49 2016]   node   0: [mem 0x00100000-0x1fffffff]
[Wed Jun  1 12:54:49 2016]   node   0: [mem 0x20200000-0x40003fff]
[Wed Jun  1 12:54:49 2016]   node   0: [mem 0x40005000-0xd9ca0fff]
[Wed Jun  1 12:54:49 2016]   node   0: [mem 0xda697000-0xda697fff]
[Wed Jun  1 12:54:49 2016]   node   0: [mem 0xda6db000-0xdaffffff]
[Wed Jun  1 12:54:49 2016]   node   0: [mem 0x100000000-0x81f5fffff]
[Wed Jun  1 12:54:49 2016] On node 0 totalpages: 8362338
[Wed Jun  1 12:54:49 2016]   DMA zone: 64 pages used for memmap
[Wed Jun  1 12:54:49 2016]   DMA zone: 21 pages reserved
[Wed Jun  1 12:54:49 2016]   DMA zone: 3996 pages, LIFO batch:0
[Wed Jun  1 12:54:49 2016]   DMA32 zone: 13904 pages used for memmap
[Wed Jun  1 12:54:49 2016]   DMA32 zone: 889798 pages, LIFO batch:31
[Wed Jun  1 12:54:49 2016]   Normal zone: 116696 pages used for memmap
[Wed Jun  1 12:54:49 2016]   Normal zone: 7468544 pages, LIFO batch:31
[Wed Jun  1 12:54:49 2016] ACPI: PM-Timer IO Port: 0x408
[Wed Jun  1 12:54:49 2016] ACPI: Local APIC address 0xfee00000
[Wed Jun  1 12:54:49 2016] ACPI: LAPIC (acpi_id[0x01] lapic_id[0x00] enabled)
[Wed Jun  1 12:54:49 2016] ACPI: LAPIC (acpi_id[0x02] lapic_id[0x02] enabled)
[Wed Jun  1 12:54:49 2016] ACPI: LAPIC (acpi_id[0x03] lapic_id[0x04] enabled)
[Wed Jun  1 12:54:49 2016] ACPI: LAPIC (acpi_id[0x04] lapic_id[0x06] enabled)
[Wed Jun  1 12:54:49 2016] ACPI: LAPIC_NMI (acpi_id[0xff] high edge lint[0x1])
[Wed Jun  1 12:54:49 2016] ACPI: IOAPIC (id[0x02] address[0xfec00000] gsi_base[0])
[Wed Jun  1 12:54:49 2016] IOAPIC[0]: apic_id 2, version 32, address 0xfec00000, GSI 0-23
[Wed Jun  1 12:54:49 2016] ACPI: INT_SRC_OVR (bus 0 bus_irq 0 global_irq 2 dfl dfl)
[Wed Jun  1 12:54:49 2016] ACPI: INT_SRC_OVR (bus 0 bus_irq 9 global_irq 9 high level)
[Wed Jun  1 12:54:49 2016] ACPI: IRQ0 used by override.
[Wed Jun  1 12:54:49 2016] ACPI: IRQ2 used by override.
[Wed Jun  1 12:54:49 2016] ACPI: IRQ9 used by override.
[Wed Jun  1 12:54:49 2016] Using ACPI (MADT) for SMP configuration information
[Wed Jun  1 12:54:49 2016] ACPI: HPET id: 0x8086a701 base: 0xfed00000
[Wed Jun  1 12:54:49 2016] smpboot: Allowing 4 CPUs, 0 hotplug CPUs
[Wed Jun  1 12:54:49 2016] nr_irqs_gsi: 40
[Wed Jun  1 12:54:49 2016] PM: Registered nosave memory: [mem 0x0009d000-0x0009dfff]
[Wed Jun  1 12:54:49 2016] PM: Registered nosave memory: [mem 0x0009e000-0x0009ffff]
[Wed Jun  1 12:54:49 2016] PM: Registered nosave memory: [mem 0x000a0000-0x000dffff]
[Wed Jun  1 12:54:49 2016] PM: Registered nosave memory: [mem 0x000e0000-0x000fffff]
[Wed Jun  1 12:54:49 2016] PM: Registered nosave memory: [mem 0x20000000-0x201fffff]
[Wed Jun  1 12:54:49 2016] PM: Registered nosave memory: [mem 0x40004000-0x40004fff]
[Wed Jun  1 12:54:49 2016] PM: Registered nosave memory: [mem 0xd9ca1000-0xda298fff]
[Wed Jun  1 12:54:49 2016] PM: Registered nosave memory: [mem 0xda299000-0xda2a8fff]
[Wed Jun  1 12:54:49 2016] PM: Registered nosave memory: [mem 0xda2a9000-0xda3bbfff]
[Wed Jun  1 12:54:49 2016] PM: Registered nosave memory: [mem 0xda3bc000-0xda696fff]
[Wed Jun  1 12:54:49 2016] PM: Registered nosave memory: [mem 0xda698000-0xda6dafff]
[Wed Jun  1 12:54:49 2016] PM: Registered nosave memory: [mem 0xdb000000-0xdb7fffff]
[Wed Jun  1 12:54:49 2016] PM: Registered nosave memory: [mem 0xdb800000-0xdf9fffff]
[Wed Jun  1 12:54:49 2016] PM: Registered nosave memory: [mem 0xdfa00000-0xf7ffffff]
[Wed Jun  1 12:54:49 2016] PM: Registered nosave memory: [mem 0xf8000000-0xfbffffff]
[Wed Jun  1 12:54:49 2016] PM: Registered nosave memory: [mem 0xfc000000-0xfebfffff]
[Wed Jun  1 12:54:49 2016] PM: Registered nosave memory: [mem 0xfec00000-0xfec00fff]
[Wed Jun  1 12:54:49 2016] PM: Registered nosave memory: [mem 0xfec01000-0xfecfffff]
[Wed Jun  1 12:54:49 2016] PM: Registered nosave memory: [mem 0xfed00000-0xfed03fff]
[Wed Jun  1 12:54:49 2016] PM: Registered nosave memory: [mem 0xfed04000-0xfed1bfff]
[Wed Jun  1 12:54:49 2016] PM: Registered nosave memory: [mem 0xfed1c000-0xfed1ffff]
[Wed Jun  1 12:54:49 2016] PM: Registered nosave memory: [mem 0xfed20000-0xfedfffff]
[Wed Jun  1 12:54:49 2016] PM: Registered nosave memory: [mem 0xfee00000-0xfee00fff]
[Wed Jun  1 12:54:49 2016] PM: Registered nosave memory: [mem 0xfee01000-0xfeffffff]
[Wed Jun  1 12:54:49 2016] PM: Registered nosave memory: [mem 0xff000000-0xffffffff]
[Wed Jun  1 12:54:49 2016] e820: [mem 0xdfa00000-0xf7ffffff] available for PCI devices
[Wed Jun  1 12:54:49 2016] Booting paravirtualized kernel on bare hardware
[Wed Jun  1 12:54:49 2016] setup_percpu: NR_CPUS:5120 nr_cpumask_bits:4 nr_cpu_ids:4 nr_node_ids:1
[Wed Jun  1 12:54:49 2016] PERCPU: Embedded 29 pages/cpu @ffff88081f200000 s86592 r8192 d24000 u524288
[Wed Jun  1 12:54:49 2016] pcpu-alloc: s86592 r8192 d24000 u524288 alloc=1*2097152
[Wed Jun  1 12:54:49 2016] pcpu-alloc: [0] 0 1 2 3 
[Wed Jun  1 12:54:49 2016] Built 1 zonelists in Zone order, mobility grouping on.  Total pages: 8231653
[Wed Jun  1 12:54:49 2016] Policy zone: Normal
[Wed Jun  1 12:54:49 2016] Kernel command line: BOOT_IMAGE=/vmlinuz-3.10.0-123.el7.x86_64 root=UUID=b2054d16-4fd2-41c4-9929-6d27347ee0a3 ro rd.lvm.lv=centos/swap vconsole.font=latarcyrheb-sun16 rd.lvm.lv=centos/root crashkernel=auto vconsole.keymap=us rhgb quiet
[Wed Jun  1 12:54:49 2016] PID hash table entries: 4096 (order: 3, 32768 bytes)
[Wed Jun  1 12:54:49 2016] xsave: enabled xstate_bv 0x7, cntxt size 0x340
[Wed Jun  1 12:54:49 2016] Checking aperture...
[Wed Jun  1 12:54:49 2016] No AGP bridge found
[Wed Jun  1 12:54:49 2016] Memory: 32660240k/34068480k available (6105k kernel code, 619128k absent, 789112k reserved, 4065k data, 1584k init)
[Wed Jun  1 12:54:49 2016] SLUB: HWalign=64, Order=0-3, MinObjects=0, CPUs=4, Nodes=1
[Wed Jun  1 12:54:49 2016] Hierarchical RCU implementation.
[Wed Jun  1 12:54:49 2016] 	RCU restricting CPUs from NR_CPUS=5120 to nr_cpu_ids=4.
[Wed Jun  1 12:54:49 2016] 	Experimental no-CBs for all CPUs
[Wed Jun  1 12:54:49 2016] 	Experimental no-CBs CPUs: 0-3.
[Wed Jun  1 12:54:49 2016] NR_IRQS:327936 nr_irqs:712 16
[Wed Jun  1 12:54:49 2016] Console: colour VGA+ 80x25
[Wed Jun  1 12:54:49 2016] console [tty0] enabled
[Wed Jun  1 12:54:49 2016] allocated 134217728 bytes of page_cgroup
[Wed Jun  1 12:54:49 2016] please try 'cgroup_disable=memory' option if you don't want memory cgroups
[Wed Jun  1 12:54:49 2016] hpet clockevent registered
[Wed Jun  1 12:54:49 2016] tsc: Fast TSC calibration using PIT
[Wed Jun  1 12:54:49 2016] tsc: Detected 3200.046 MHz processor
[Wed Jun  1 12:54:49 2016] Calibrating delay loop (skipped), value calculated using timer frequency.. 6400.09 BogoMIPS (lpj=3200046)
[Wed Jun  1 12:54:49 2016] pid_max: default: 32768 minimum: 301
[Wed Jun  1 12:54:49 2016] Security Framework initialized
[Wed Jun  1 12:54:49 2016] SELinux:  Initializing.
[Wed Jun  1 12:54:49 2016] SELinux:  Starting in permissive mode
[Wed Jun  1 12:54:49 2016] Dentry cache hash table entries: 4194304 (order: 13, 33554432 bytes)
[Wed Jun  1 12:54:49 2016] Inode-cache hash table entries: 2097152 (order: 12, 16777216 bytes)
[Wed Jun  1 12:54:49 2016] Mount-cache hash table entries: 4096
[Wed Jun  1 12:54:49 2016] Initializing cgroup subsys memory
[Wed Jun  1 12:54:49 2016] Initializing cgroup subsys devices
[Wed Jun  1 12:54:49 2016] Initializing cgroup subsys freezer
[Wed Jun  1 12:54:49 2016] Initializing cgroup subsys net_cls
[Wed Jun  1 12:54:49 2016] Initializing cgroup subsys blkio
[Wed Jun  1 12:54:49 2016] Initializing cgroup subsys perf_event
[Wed Jun  1 12:54:49 2016] Initializing cgroup subsys hugetlb
[Wed Jun  1 12:54:49 2016] CPU: Physical Processor ID: 0
[Wed Jun  1 12:54:49 2016] CPU: Processor Core ID: 0
[Wed Jun  1 12:54:49 2016] ENERGY_PERF_BIAS: Set to 'normal', was 'performance'
ENERGY_PERF_BIAS: View and update with x86_energy_perf_policy(8)
[Wed Jun  1 12:54:49 2016] mce: CPU supports 9 MCE banks
[Wed Jun  1 12:54:49 2016] CPU0: Thermal monitoring enabled (TM1)
[Wed Jun  1 12:54:49 2016] Last level iTLB entries: 4KB 512, 2MB 0, 4MB 0
Last level dTLB entries: 4KB 512, 2MB 32, 4MB 32
tlb_flushall_shift: 2
[Wed Jun  1 12:54:49 2016] Freeing SMP alternatives: 24k freed
[Wed Jun  1 12:54:49 2016] ACPI: Core revision 20130517
[Wed Jun  1 12:54:49 2016] ACPI: All ACPI Tables successfully acquired
[Wed Jun  1 12:54:49 2016] ftrace: allocating 23383 entries in 92 pages
[Wed Jun  1 12:54:49 2016] dmar: Host address width 36
[Wed Jun  1 12:54:49 2016] dmar: DRHD base: 0x000000fed90000 flags: 0x0
[Wed Jun  1 12:54:49 2016] dmar: IOMMU 0: reg_base_addr fed90000 ver 1:0 cap c0000020e60262 ecap f0101a
[Wed Jun  1 12:54:49 2016] dmar: DRHD base: 0x000000fed91000 flags: 0x1
[Wed Jun  1 12:54:49 2016] dmar: IOMMU 1: reg_base_addr fed91000 ver 1:0 cap c9008020660262 ecap f0105a
[Wed Jun  1 12:54:49 2016] dmar: RMRR base: 0x000000da22f000 end: 0x000000da23cfff
[Wed Jun  1 12:54:49 2016] dmar: RMRR base: 0x000000db800000 end: 0x000000df9fffff
[Wed Jun  1 12:54:49 2016] IOAPIC id 2 under DRHD base  0xfed91000 IOMMU 1
[Wed Jun  1 12:54:49 2016] HPET id 0 under DRHD base 0xfed91000
[Wed Jun  1 12:54:49 2016] Enabled IRQ remapping in x2apic mode
[Wed Jun  1 12:54:49 2016] Enabling x2apic
[Wed Jun  1 12:54:49 2016] Enabled x2apic
[Wed Jun  1 12:54:49 2016] Switched APIC routing to cluster x2apic.
[Wed Jun  1 12:54:49 2016] ..TIMER: vector=0x30 apic1=0 pin1=2 apic2=-1 pin2=-1
[Wed Jun  1 12:54:49 2016] smpboot: CPU0: Intel(R) Core(TM) i5-3470 CPU @ 3.20GHz (fam: 06, model: 3a, stepping: 09)
[Wed Jun  1 12:54:49 2016] TSC deadline timer enabled
[Wed Jun  1 12:54:49 2016] Performance Events: PEBS fmt1+, 16-deep LBR, IvyBridge events, full-width counters, Intel PMU driver.
[Wed Jun  1 12:54:49 2016] ... version:                3
[Wed Jun  1 12:54:49 2016] ... bit width:              48
[Wed Jun  1 12:54:49 2016] ... generic registers:      8
[Wed Jun  1 12:54:49 2016] ... value mask:             0000ffffffffffff
[Wed Jun  1 12:54:49 2016] ... max period:             0000ffffffffffff
[Wed Jun  1 12:54:49 2016] ... fixed-purpose events:   3
[Wed Jun  1 12:54:49 2016] ... event mask:             00000007000000ff
[Wed Jun  1 12:54:49 2016] CPU1 microcode updated early to revision 0x19, date = 2013-06-13
[Wed Jun  1 12:54:49 2016] NMI watchdog: enabled on all CPUs, permanently consumes one hw-PMU counter.
[Wed Jun  1 12:54:49 2016] CPU2 microcode updated early to revision 0x19, date = 2013-06-13
[Wed Jun  1 12:54:49 2016] smpboot: Booting Node   0, Processors  #1 #2 #3 OK
[Wed Jun  1 12:54:49 2016] CPU3 microcode updated early to revision 0x19, date = 2013-06-13
[Wed Jun  1 12:54:49 2016] Brought up 4 CPUs
[Wed Jun  1 12:54:49 2016] smpboot: Total of 4 processors activated (25600.36 BogoMIPS)
[Wed Jun  1 12:54:49 2016] devtmpfs: initialized
[Wed Jun  1 12:54:49 2016] EVM: security.selinux
[Wed Jun  1 12:54:49 2016] EVM: security.ima
[Wed Jun  1 12:54:49 2016] EVM: security.capability
[Wed Jun  1 12:54:49 2016] PM: Registering ACPI NVS region [mem 0xda2a9000-0xda3bbfff] (1126400 bytes)
[Wed Jun  1 12:54:49 2016] PM: Registering ACPI NVS region [mem 0xda698000-0xda6dafff] (274432 bytes)
[Wed Jun  1 12:54:49 2016] atomic64 test passed for x86-64 platform with CX8 and with SSE
[Wed Jun  1 12:54:49 2016] NET: Registered protocol family 16
[Wed Jun  1 12:54:49 2016] ACPI FADT declares the system doesn't support PCIe ASPM, so disable it
[Wed Jun  1 12:54:49 2016] ACPI: bus type PCI registered
[Wed Jun  1 12:54:49 2016] acpiphp: ACPI Hot Plug PCI Controller Driver version: 0.5
[Wed Jun  1 12:54:49 2016] PCI: MMCONFIG for domain 0000 [bus 00-3f] at [mem 0xf8000000-0xfbffffff] (base 0xf8000000)
[Wed Jun  1 12:54:49 2016] PCI: MMCONFIG at [mem 0xf8000000-0xfbffffff] reserved in E820
[Wed Jun  1 12:54:49 2016] PCI: Using configuration type 1 for base access
[Wed Jun  1 12:54:49 2016] bio: create slab <bio-0> at 0
[Wed Jun  1 12:54:49 2016] ACPI: Added _OSI(Module Device)
[Wed Jun  1 12:54:49 2016] ACPI: Added _OSI(Processor Device)
[Wed Jun  1 12:54:49 2016] ACPI: Added _OSI(3.0 _SCP Extensions)
[Wed Jun  1 12:54:49 2016] ACPI: Added _OSI(Processor Aggregator Device)
[Wed Jun  1 12:54:49 2016] ACPI: EC: Look up EC in DSDT
[Wed Jun  1 12:54:49 2016] ACPI: Executed 1 blocks of module-level executable AML code
[Wed Jun  1 12:54:49 2016] ACPI: SSDT 00000000da245018 0083B (v01  PmRef  Cpu0Cst 00003001 INTL 20051117)
[Wed Jun  1 12:54:49 2016] ACPI: Dynamic OEM Table Load:
[Wed Jun  1 12:54:49 2016] ACPI: SSDT           (null) 0083B (v01  PmRef  Cpu0Cst 00003001 INTL 20051117)
[Wed Jun  1 12:54:49 2016] ACPI: SSDT 00000000da246a98 00303 (v01  PmRef    ApIst 00003000 INTL 20051117)
[Wed Jun  1 12:54:49 2016] ACPI: Dynamic OEM Table Load:
[Wed Jun  1 12:54:49 2016] ACPI: SSDT           (null) 00303 (v01  PmRef    ApIst 00003000 INTL 20051117)
[Wed Jun  1 12:54:49 2016] ACPI: SSDT 00000000da247c18 00119 (v01  PmRef    ApCst 00003000 INTL 20051117)
[Wed Jun  1 12:54:49 2016] ACPI: Dynamic OEM Table Load:
[Wed Jun  1 12:54:49 2016] ACPI: SSDT           (null) 00119 (v01  PmRef    ApCst 00003000 INTL 20051117)
[Wed Jun  1 12:54:49 2016] ACPI: Interpreter enabled
[Wed Jun  1 12:54:49 2016] ACPI Exception: AE_NOT_FOUND, While evaluating Sleep State [\_S1_] (20130517/hwxface-571)
[Wed Jun  1 12:54:49 2016] ACPI Exception: AE_NOT_FOUND, While evaluating Sleep State [\_S2_] (20130517/hwxface-571)
[Wed Jun  1 12:54:49 2016] ACPI: (supports S0 S3 S4 S5)
[Wed Jun  1 12:54:49 2016] ACPI: Using IOAPIC for interrupt routing
[Wed Jun  1 12:54:49 2016] PCI: Using host bridge windows from ACPI; if necessary, use "pci=nocrs" and report a bug
[Wed Jun  1 12:54:49 2016] ACPI: No dock devices found.
[Wed Jun  1 12:54:49 2016] ACPI: Power Resource [FN00] (off)
[Wed Jun  1 12:54:49 2016] ACPI: Power Resource [FN01] (off)
[Wed Jun  1 12:54:49 2016] ACPI: Power Resource [FN02] (off)
[Wed Jun  1 12:54:49 2016] ACPI: Power Resource [FN03] (off)
[Wed Jun  1 12:54:49 2016] ACPI: Power Resource [FN04] (off)
[Wed Jun  1 12:54:49 2016] ACPI: PCI Root Bridge [PCI0] (domain 0000 [bus 00-3e])
[Wed Jun  1 12:54:49 2016] acpi PNP0A08:00: _OSC: OS supports [ExtendedConfig ASPM ClockPM Segments MSI]
[Wed Jun  1 12:54:49 2016] acpi PNP0A08:00: _OSC: platform does not support [PCIeHotplug PME]
[Wed Jun  1 12:54:49 2016] acpi PNP0A08:00: _OSC: OS now controls [AER PCIeCapability]
[Wed Jun  1 12:54:49 2016] PCI host bridge to bus 0000:00
[Wed Jun  1 12:54:49 2016] pci_bus 0000:00: root bus resource [bus 00-3e]
[Wed Jun  1 12:54:49 2016] pci_bus 0000:00: root bus resource [io  0x0000-0x0cf7]
[Wed Jun  1 12:54:49 2016] pci_bus 0000:00: root bus resource [io  0x0d00-0xffff]
[Wed Jun  1 12:54:49 2016] pci_bus 0000:00: root bus resource [mem 0x000a0000-0x000bffff]
[Wed Jun  1 12:54:49 2016] pci_bus 0000:00: root bus resource [mem 0x000d0000-0x000d3fff]
[Wed Jun  1 12:54:49 2016] pci_bus 0000:00: root bus resource [mem 0x000d4000-0x000d7fff]
[Wed Jun  1 12:54:49 2016] pci_bus 0000:00: root bus resource [mem 0x000d8000-0x000dbfff]
[Wed Jun  1 12:54:49 2016] pci_bus 0000:00: root bus resource [mem 0x000dc000-0x000dffff]
[Wed Jun  1 12:54:49 2016] pci_bus 0000:00: root bus resource [mem 0x000e0000-0x000e3fff]
[Wed Jun  1 12:54:49 2016] pci_bus 0000:00: root bus resource [mem 0x000e4000-0x000e7fff]
[Wed Jun  1 12:54:49 2016] pci_bus 0000:00: root bus resource [mem 0xdfa00000-0xfeafffff]
[Wed Jun  1 12:54:49 2016] pci 0000:00:00.0: [8086:0150] type 00 class 0x060000
[Wed Jun  1 12:54:49 2016] pci 0000:00:02.0: [8086:0152] type 00 class 0x030000
[Wed Jun  1 12:54:49 2016] pci 0000:00:02.0: reg 0x10: [mem 0xf7800000-0xf7bfffff 64bit]
[Wed Jun  1 12:54:49 2016] pci 0000:00:02.0: reg 0x18: [mem 0xe0000000-0xefffffff 64bit pref]
[Wed Jun  1 12:54:49 2016] pci 0000:00:02.0: reg 0x20: [io  0xf000-0xf03f]
[Wed Jun  1 12:54:49 2016] pci 0000:00:14.0: [8086:1e31] type 00 class 0x0c0330
[Wed Jun  1 12:54:49 2016] pci 0000:00:14.0: reg 0x10: [mem 0xf7d20000-0xf7d2ffff 64bit]
[Wed Jun  1 12:54:49 2016] pci 0000:00:14.0: PME# supported from D3hot D3cold
[Wed Jun  1 12:54:49 2016] pci 0000:00:14.0: System wakeup disabled by ACPI
[Wed Jun  1 12:54:49 2016] pci 0000:00:16.0: [8086:1e3a] type 00 class 0x078000
[Wed Jun  1 12:54:49 2016] pci 0000:00:16.0: reg 0x10: [mem 0xf7d3b000-0xf7d3b00f 64bit]
[Wed Jun  1 12:54:49 2016] pci 0000:00:16.0: PME# supported from D0 D3hot D3cold
[Wed Jun  1 12:54:49 2016] pci 0000:00:19.0: [8086:1503] type 00 class 0x020000
[Wed Jun  1 12:54:49 2016] pci 0000:00:19.0: reg 0x10: [mem 0xf7d00000-0xf7d1ffff]
[Wed Jun  1 12:54:49 2016] pci 0000:00:19.0: reg 0x14: [mem 0xf7d39000-0xf7d39fff]
[Wed Jun  1 12:54:49 2016] pci 0000:00:19.0: reg 0x18: [io  0xf080-0xf09f]
[Wed Jun  1 12:54:49 2016] pci 0000:00:19.0: PME# supported from D0 D3hot D3cold
[Wed Jun  1 12:54:49 2016] pci 0000:00:19.0: System wakeup disabled by ACPI
[Wed Jun  1 12:54:49 2016] pci 0000:00:1a.0: [8086:1e2d] type 00 class 0x0c0320
[Wed Jun  1 12:54:49 2016] pci 0000:00:1a.0: reg 0x10: [mem 0xf7d38000-0xf7d383ff]
[Wed Jun  1 12:54:49 2016] pci 0000:00:1a.0: PME# supported from D0 D3hot D3cold
[Wed Jun  1 12:54:49 2016] pci 0000:00:1a.0: System wakeup disabled by ACPI
[Wed Jun  1 12:54:49 2016] pci 0000:00:1b.0: [8086:1e20] type 00 class 0x040300
[Wed Jun  1 12:54:49 2016] pci 0000:00:1b.0: reg 0x10: [mem 0xf7d30000-0xf7d33fff 64bit]
[Wed Jun  1 12:54:49 2016] pci 0000:00:1b.0: PME# supported from D0 D3hot D3cold
[Wed Jun  1 12:54:49 2016] pci 0000:00:1b.0: System wakeup disabled by ACPI
[Wed Jun  1 12:54:49 2016] pci 0000:00:1c.0: [8086:1e10] type 01 class 0x060400
[Wed Jun  1 12:54:49 2016] pci 0000:00:1c.0: PME# supported from D0 D3hot D3cold
[Wed Jun  1 12:54:49 2016] pci 0000:00:1c.0: System wakeup disabled by ACPI
[Wed Jun  1 12:54:49 2016] pci 0000:00:1c.4: [8086:1e18] type 01 class 0x060400
[Wed Jun  1 12:54:49 2016] pci 0000:00:1c.4: PME# supported from D0 D3hot D3cold
[Wed Jun  1 12:54:49 2016] pci 0000:00:1c.4: System wakeup disabled by ACPI
[Wed Jun  1 12:54:49 2016] pci 0000:00:1d.0: [8086:1e26] type 00 class 0x0c0320
[Wed Jun  1 12:54:49 2016] pci 0000:00:1d.0: reg 0x10: [mem 0xf7d37000-0xf7d373ff]
[Wed Jun  1 12:54:49 2016] pci 0000:00:1d.0: PME# supported from D0 D3hot D3cold
[Wed Jun  1 12:54:49 2016] pci 0000:00:1d.0: System wakeup disabled by ACPI
[Wed Jun  1 12:54:49 2016] pci 0000:00:1f.0: [8086:1e4a] type 00 class 0x060100
[Wed Jun  1 12:54:49 2016] pci 0000:00:1f.2: [8086:1e02] type 00 class 0x010601
[Wed Jun  1 12:54:49 2016] pci 0000:00:1f.2: reg 0x10: [io  0xf0d0-0xf0d7]
[Wed Jun  1 12:54:49 2016] pci 0000:00:1f.2: reg 0x14: [io  0xf0c0-0xf0c3]
[Wed Jun  1 12:54:49 2016] pci 0000:00:1f.2: reg 0x18: [io  0xf0b0-0xf0b7]
[Wed Jun  1 12:54:49 2016] pci 0000:00:1f.2: reg 0x1c: [io  0xf0a0-0xf0a3]
[Wed Jun  1 12:54:49 2016] pci 0000:00:1f.2: reg 0x20: [io  0xf060-0xf07f]
[Wed Jun  1 12:54:49 2016] pci 0000:00:1f.2: reg 0x24: [mem 0xf7d36000-0xf7d367ff]
[Wed Jun  1 12:54:49 2016] pci 0000:00:1f.2: PME# supported from D3hot
[Wed Jun  1 12:54:49 2016] pci 0000:00:1f.3: [8086:1e22] type 00 class 0x0c0500
[Wed Jun  1 12:54:49 2016] pci 0000:00:1f.3: reg 0x10: [mem 0xf7d35000-0xf7d350ff 64bit]
[Wed Jun  1 12:54:49 2016] pci 0000:00:1f.3: reg 0x20: [io  0xf040-0xf05f]
[Wed Jun  1 12:54:49 2016] pci 0000:00:1c.0: PCI bridge to [bus 01]
[Wed Jun  1 12:54:49 2016] pci 0000:02:00.0: [10ec:8168] type 00 class 0x020000
[Wed Jun  1 12:54:49 2016] pci 0000:02:00.0: reg 0x10: [io  0xe000-0xe0ff]
[Wed Jun  1 12:54:49 2016] pci 0000:02:00.0: reg 0x18: [mem 0xf7c00000-0xf7c00fff 64bit]
[Wed Jun  1 12:54:49 2016] pci 0000:02:00.0: reg 0x20: [mem 0xf0000000-0xf000ffff 64bit pref]
[Wed Jun  1 12:54:49 2016] pci 0000:02:00.0: reg 0x30: [mem 0xffff0000-0xffffffff pref]
[Wed Jun  1 12:54:49 2016] pci 0000:02:00.0: supports D1 D2
[Wed Jun  1 12:54:49 2016] pci 0000:02:00.0: PME# supported from D1 D2 D3hot D3cold
[Wed Jun  1 12:54:49 2016] pci 0000:02:00.0: System wakeup disabled by ACPI
[Wed Jun  1 12:54:49 2016] pci 0000:00:1c.4: PCI bridge to [bus 02]
[Wed Jun  1 12:54:49 2016] pci 0000:00:1c.4:   bridge window [io  0xe000-0xefff]
[Wed Jun  1 12:54:49 2016] pci 0000:00:1c.4:   bridge window [mem 0xf7c00000-0xf7cfffff]
[Wed Jun  1 12:54:49 2016] pci 0000:00:1c.4:   bridge window [mem 0xf0000000-0xf00fffff 64bit pref]
[Wed Jun  1 12:54:49 2016] acpi PNP0A08:00: Disabling ASPM (FADT indicates it is unsupported)
[Wed Jun  1 12:54:49 2016] ACPI: PCI Interrupt Link [LNKA] (IRQs 3 4 5 6 10 *11 12 14 15)
[Wed Jun  1 12:54:49 2016] ACPI: PCI Interrupt Link [LNKB] (IRQs 3 4 5 6 10 11 12 14 15) *0, disabled.
[Wed Jun  1 12:54:49 2016] ACPI: PCI Interrupt Link [LNKC] (IRQs *3 4 5 6 10 11 12 14 15)
[Wed Jun  1 12:54:49 2016] ACPI: PCI Interrupt Link [LNKD] (IRQs 3 4 5 6 *10 11 12 14 15)
[Wed Jun  1 12:54:49 2016] ACPI: PCI Interrupt Link [LNKE] (IRQs *3 4 5 6 10 11 12 14 15)
[Wed Jun  1 12:54:49 2016] ACPI: PCI Interrupt Link [LNKF] (IRQs 3 4 5 6 10 11 12 14 15) *0, disabled.
[Wed Jun  1 12:54:49 2016] ACPI: PCI Interrupt Link [LNKG] (IRQs 3 4 5 6 10 *11 12 14 15)
[Wed Jun  1 12:54:49 2016] ACPI: PCI Interrupt Link [LNKH] (IRQs 3 4 5 6 *10 11 12 14 15)
[Wed Jun  1 12:54:49 2016] ACPI: Enabled 4 GPEs in block 00 to 3F
[Wed Jun  1 12:54:49 2016] ACPI: \_SB_.PCI0: notify handler is installed
[Wed Jun  1 12:54:49 2016] Found 1 acpi root devices
[Wed Jun  1 12:54:49 2016] vgaarb: device added: PCI:0000:00:02.0,decodes=io+mem,owns=io+mem,locks=none
[Wed Jun  1 12:54:49 2016] vgaarb: loaded
[Wed Jun  1 12:54:49 2016] vgaarb: bridge control possible 0000:00:02.0
[Wed Jun  1 12:54:49 2016] SCSI subsystem initialized
[Wed Jun  1 12:54:49 2016] ACPI: bus type USB registered
[Wed Jun  1 12:54:49 2016] usbcore: registered new interface driver usbfs
[Wed Jun  1 12:54:49 2016] usbcore: registered new interface driver hub
[Wed Jun  1 12:54:49 2016] usbcore: registered new device driver usb
[Wed Jun  1 12:54:49 2016] PCI: Using ACPI for IRQ routing
[Wed Jun  1 12:54:49 2016] PCI: pci_cache_line_size set to 64 bytes
[Wed Jun  1 12:54:49 2016] e820: reserve RAM buffer [mem 0x0009d800-0x0009ffff]
[Wed Jun  1 12:54:49 2016] e820: reserve RAM buffer [mem 0x40004000-0x43ffffff]
[Wed Jun  1 12:54:49 2016] e820: reserve RAM buffer [mem 0xd9ca1000-0xdbffffff]
[Wed Jun  1 12:54:49 2016] e820: reserve RAM buffer [mem 0xda698000-0xdbffffff]
[Wed Jun  1 12:54:49 2016] e820: reserve RAM buffer [mem 0xdb000000-0xdbffffff]
[Wed Jun  1 12:54:49 2016] e820: reserve RAM buffer [mem 0x81f600000-0x81fffffff]
[Wed Jun  1 12:54:49 2016] NetLabel: Initializing
[Wed Jun  1 12:54:49 2016] NetLabel:  domain hash size = 128
[Wed Jun  1 12:54:49 2016] NetLabel:  protocols = UNLABELED CIPSOv4
[Wed Jun  1 12:54:49 2016] NetLabel:  unlabeled traffic allowed by default
[Wed Jun  1 12:54:49 2016] hpet0: at MMIO 0xfed00000, IRQs 2, 8, 0, 0, 0, 0, 0, 0
[Wed Jun  1 12:54:49 2016] hpet0: 8 comparators, 64-bit 14.318180 MHz counter
[Wed Jun  1 12:54:49 2016] Switching to clocksource hpet
[Wed Jun  1 12:54:49 2016] pnp: PnP ACPI init
[Wed Jun  1 12:54:49 2016] ACPI: bus type PNP registered
[Wed Jun  1 12:54:49 2016] system 00:00: [mem 0xfed40000-0xfed44fff] has been reserved
[Wed Jun  1 12:54:49 2016] system 00:00: Plug and Play ACPI device, IDs PNP0c01 (active)
[Wed Jun  1 12:54:49 2016] pnp 00:01: [dma 4]
[Wed Jun  1 12:54:49 2016] pnp 00:01: Plug and Play ACPI device, IDs PNP0200 (active)
[Wed Jun  1 12:54:49 2016] pnp 00:02: Plug and Play ACPI device, IDs INT0800 (active)
[Wed Jun  1 12:54:49 2016] pnp 00:03: Plug and Play ACPI device, IDs PNP0103 (active)
[Wed Jun  1 12:54:49 2016] system 00:04: [io  0x0680-0x069f] has been reserved
[Wed Jun  1 12:54:49 2016] system 00:04: [io  0x1000-0x100f] has been reserved
[Wed Jun  1 12:54:49 2016] system 00:04: [io  0xffff] has been reserved
[Wed Jun  1 12:54:49 2016] system 00:04: [io  0xffff] has been reserved
[Wed Jun  1 12:54:49 2016] system 00:04: [io  0x0400-0x0453] could not be reserved
[Wed Jun  1 12:54:49 2016] system 00:04: [io  0x0458-0x047f] has been reserved
[Wed Jun  1 12:54:49 2016] system 00:04: [io  0x0500-0x057f] has been reserved
[Wed Jun  1 12:54:49 2016] system 00:04: [io  0x164e-0x164f] has been reserved
[Wed Jun  1 12:54:49 2016] system 00:04: Plug and Play ACPI device, IDs PNP0c02 (active)
[Wed Jun  1 12:54:49 2016] pnp 00:05: Plug and Play ACPI device, IDs PNP0b00 (active)
[Wed Jun  1 12:54:49 2016] system 00:06: [io  0x0454-0x0457] has been reserved
[Wed Jun  1 12:54:49 2016] system 00:06: Plug and Play ACPI device, IDs INT3f0d PNP0c02 (active)
[Wed Jun  1 12:54:49 2016] system 00:07: [io  0x0a00-0x0a0f] has been reserved
[Wed Jun  1 12:54:49 2016] system 00:07: Plug and Play ACPI device, IDs PNP0c02 (active)
[Wed Jun  1 12:54:49 2016] pnp 00:08: [dma 0 disabled]
[Wed Jun  1 12:54:49 2016] pnp 00:08: Plug and Play ACPI device, IDs PNP0400 (active)
[Wed Jun  1 12:54:49 2016] pnp 00:09: [dma 0 disabled]
[Wed Jun  1 12:54:49 2016] pnp 00:09: Plug and Play ACPI device, IDs PNP0501 (active)
[Wed Jun  1 12:54:49 2016] system 00:0a: [io  0x04d0-0x04d1] has been reserved
[Wed Jun  1 12:54:49 2016] system 00:0a: Plug and Play ACPI device, IDs PNP0c02 (active)
[Wed Jun  1 12:54:49 2016] pnp 00:0b: Plug and Play ACPI device, IDs PNP0c04 (active)
[Wed Jun  1 12:54:49 2016] system 00:0c: [mem 0xfed1c000-0xfed1ffff] has been reserved
[Wed Jun  1 12:54:49 2016] system 00:0c: [mem 0xfed10000-0xfed17fff] has been reserved
[Wed Jun  1 12:54:49 2016] system 00:0c: [mem 0xfed18000-0xfed18fff] has been reserved
[Wed Jun  1 12:54:49 2016] system 00:0c: [mem 0xfed19000-0xfed19fff] has been reserved
[Wed Jun  1 12:54:49 2016] system 00:0c: [mem 0xf8000000-0xfbffffff] has been reserved
[Wed Jun  1 12:54:49 2016] system 00:0c: [mem 0xfed20000-0xfed3ffff] has been reserved
[Wed Jun  1 12:54:49 2016] system 00:0c: [mem 0xfed90000-0xfed93fff] could not be reserved
[Wed Jun  1 12:54:49 2016] system 00:0c: [mem 0xfed45000-0xfed8ffff] has been reserved
[Wed Jun  1 12:54:49 2016] system 00:0c: [mem 0xff000000-0xffffffff] has been reserved
[Wed Jun  1 12:54:49 2016] system 00:0c: [mem 0xfee00000-0xfeefffff] could not be reserved
[Wed Jun  1 12:54:49 2016] system 00:0c: [mem 0xdfa00000-0xdfa00fff] has been reserved
[Wed Jun  1 12:54:49 2016] system 00:0c: Plug and Play ACPI device, IDs PNP0c02 (active)
[Wed Jun  1 12:54:49 2016] system 00:0d: [mem 0x20000000-0x201fffff] has been reserved
[Wed Jun  1 12:54:49 2016] system 00:0d: [mem 0x40004000-0x40004fff] has been reserved
[Wed Jun  1 12:54:49 2016] system 00:0d: Plug and Play ACPI device, IDs PNP0c01 (active)
[Wed Jun  1 12:54:49 2016] pnp: PnP ACPI: found 14 devices
[Wed Jun  1 12:54:49 2016] ACPI: bus type PNP unregistered
[Wed Jun  1 12:54:49 2016] pci 0000:02:00.0: no compatible bridge window for [mem 0xffff0000-0xffffffff pref]
[Wed Jun  1 12:54:49 2016] pci 0000:00:1c.0: PCI bridge to [bus 01]
[Wed Jun  1 12:54:49 2016] pci 0000:02:00.0: BAR 6: assigned [mem 0xf0010000-0xf001ffff pref]
[Wed Jun  1 12:54:49 2016] pci 0000:00:1c.4: PCI bridge to [bus 02]
[Wed Jun  1 12:54:49 2016] pci 0000:00:1c.4:   bridge window [io  0xe000-0xefff]
[Wed Jun  1 12:54:49 2016] pci 0000:00:1c.4:   bridge window [mem 0xf7c00000-0xf7cfffff]
[Wed Jun  1 12:54:49 2016] pci 0000:00:1c.4:   bridge window [mem 0xf0000000-0xf00fffff 64bit pref]
[Wed Jun  1 12:54:49 2016] pci_bus 0000:00: resource 4 [io  0x0000-0x0cf7]
[Wed Jun  1 12:54:49 2016] pci_bus 0000:00: resource 5 [io  0x0d00-0xffff]
[Wed Jun  1 12:54:49 2016] pci_bus 0000:00: resource 6 [mem 0x000a0000-0x000bffff]
[Wed Jun  1 12:54:49 2016] pci_bus 0000:00: resource 7 [mem 0x000d0000-0x000d3fff]
[Wed Jun  1 12:54:49 2016] pci_bus 0000:00: resource 8 [mem 0x000d4000-0x000d7fff]
[Wed Jun  1 12:54:49 2016] pci_bus 0000:00: resource 9 [mem 0x000d8000-0x000dbfff]
[Wed Jun  1 12:54:49 2016] pci_bus 0000:00: resource 10 [mem 0x000dc000-0x000dffff]
[Wed Jun  1 12:54:49 2016] pci_bus 0000:00: resource 11 [mem 0x000e0000-0x000e3fff]
[Wed Jun  1 12:54:49 2016] pci_bus 0000:00: resource 12 [mem 0x000e4000-0x000e7fff]
[Wed Jun  1 12:54:49 2016] pci_bus 0000:00: resource 13 [mem 0xdfa00000-0xfeafffff]
[Wed Jun  1 12:54:49 2016] pci_bus 0000:02: resource 0 [io  0xe000-0xefff]
[Wed Jun  1 12:54:49 2016] pci_bus 0000:02: resource 1 [mem 0xf7c00000-0xf7cfffff]
[Wed Jun  1 12:54:49 2016] pci_bus 0000:02: resource 2 [mem 0xf0000000-0xf00fffff 64bit pref]
[Wed Jun  1 12:54:49 2016] NET: Registered protocol family 2
[Wed Jun  1 12:54:49 2016] TCP established hash table entries: 262144 (order: 9, 2097152 bytes)
[Wed Jun  1 12:54:49 2016] TCP bind hash table entries: 65536 (order: 8, 1048576 bytes)
[Wed Jun  1 12:54:49 2016] TCP: Hash tables configured (established 262144 bind 65536)
[Wed Jun  1 12:54:49 2016] TCP: reno registered
[Wed Jun  1 12:54:49 2016] UDP hash table entries: 16384 (order: 7, 524288 bytes)
[Wed Jun  1 12:54:49 2016] UDP-Lite hash table entries: 16384 (order: 7, 524288 bytes)
[Wed Jun  1 12:54:49 2016] NET: Registered protocol family 1
[Wed Jun  1 12:54:49 2016] pci 0000:00:02.0: Boot video device
[Wed Jun  1 12:54:49 2016] PCI: CLS 64 bytes, default 64
[Wed Jun  1 12:54:49 2016] Unpacking initramfs...
[Wed Jun  1 12:54:49 2016] Freeing initrd memory: 17308k freed
[Wed Jun  1 12:54:49 2016] PCI-DMA: Using software bounce buffering for IO (SWIOTLB)
[Wed Jun  1 12:54:49 2016] software IO TLB [mem 0xd5ca1000-0xd9ca1000] (64MB) mapped at [ffff8800d5ca1000-ffff8800d9ca0fff]
[Wed Jun  1 12:54:49 2016] microcode: CPU0 sig=0x306a9, pf=0x2, revision=0x19
[Wed Jun  1 12:54:49 2016] microcode: CPU1 sig=0x306a9, pf=0x2, revision=0x19
[Wed Jun  1 12:54:49 2016] microcode: CPU2 sig=0x306a9, pf=0x2, revision=0x19
[Wed Jun  1 12:54:49 2016] microcode: CPU3 sig=0x306a9, pf=0x2, revision=0x19
[Wed Jun  1 12:54:49 2016] microcode: Microcode Update Driver: v2.00 <tigran@aivazian.fsnet.co.uk>, Peter Oruba
[Wed Jun  1 12:54:49 2016] futex hash table entries: 1024 (order: 4, 65536 bytes)
[Wed Jun  1 12:54:49 2016] Initialise system trusted keyring
[Wed Jun  1 12:54:49 2016] audit: initializing netlink socket (disabled)
[Wed Jun  1 12:54:49 2016] type=2000 audit(1464785690.348:1): initialized
[Wed Jun  1 12:54:49 2016] HugeTLB registered 2 MB page size, pre-allocated 0 pages
[Wed Jun  1 12:54:49 2016] zbud: loaded
[Wed Jun  1 12:54:49 2016] VFS: Disk quotas dquot_6.5.2
[Wed Jun  1 12:54:49 2016] Dquot-cache hash table entries: 512 (order 0, 4096 bytes)
[Wed Jun  1 12:54:49 2016] msgmni has been set to 32768
[Wed Jun  1 12:54:49 2016] Key type big_key registered
[Wed Jun  1 12:54:49 2016] SELinux:  Registering netfilter hooks
[Wed Jun  1 12:54:49 2016] alg: No test for stdrng (krng)
[Wed Jun  1 12:54:49 2016] NET: Registered protocol family 38
[Wed Jun  1 12:54:49 2016] Key type asymmetric registered
[Wed Jun  1 12:54:49 2016] Asymmetric key parser 'x509' registered
[Wed Jun  1 12:54:49 2016] Block layer SCSI generic (bsg) driver version 0.4 loaded (major 252)
[Wed Jun  1 12:54:49 2016] io scheduler noop registered
[Wed Jun  1 12:54:49 2016] io scheduler deadline registered (default)
[Wed Jun  1 12:54:49 2016] io scheduler cfq registered
[Wed Jun  1 12:54:49 2016] pci_hotplug: PCI Hot Plug PCI Core version: 0.5
[Wed Jun  1 12:54:49 2016] pciehp: PCI Express Hot Plug Controller Driver version: 0.4
[Wed Jun  1 12:54:49 2016] intel_idle: MWAIT substates: 0x1120
[Wed Jun  1 12:54:49 2016] intel_idle: v0.4 model 0x3A
[Wed Jun  1 12:54:49 2016] intel_idle: lapic_timer_reliable_states 0xffffffff
[Wed Jun  1 12:54:49 2016] input: Power Button as /devices/LNXSYSTM:00/device:00/PNP0C0C:00/input/input0
[Wed Jun  1 12:54:49 2016] ACPI: Power Button [PWRB]
[Wed Jun  1 12:54:49 2016] input: Power Button as /devices/LNXSYSTM:00/LNXPWRBN:00/input/input1
[Wed Jun  1 12:54:49 2016] ACPI: Power Button [PWRF]
[Wed Jun  1 12:54:49 2016] ACPI: Fan [FAN0] (off)
[Wed Jun  1 12:54:49 2016] ACPI: Fan [FAN1] (off)
[Wed Jun  1 12:54:49 2016] ACPI: Fan [FAN2] (off)
[Wed Jun  1 12:54:49 2016] ACPI: Fan [FAN3] (off)
[Wed Jun  1 12:54:49 2016] ACPI: Fan [FAN4] (off)
[Wed Jun  1 12:54:49 2016] ACPI: Requesting acpi_cpufreq
[Wed Jun  1 12:54:49 2016] thermal LNXTHERM:00: registered as thermal_zone0
[Wed Jun  1 12:54:49 2016] ACPI: Thermal Zone [TZ00] (28 C)
[Wed Jun  1 12:54:49 2016] thermal LNXTHERM:01: registered as thermal_zone1
[Wed Jun  1 12:54:49 2016] ACPI: Thermal Zone [TZ01] (30 C)
[Wed Jun  1 12:54:49 2016] GHES: HEST is not enabled!
[Wed Jun  1 12:54:49 2016] Serial: 8250/16550 driver, 4 ports, IRQ sharing enabled
[Wed Jun  1 12:54:49 2016] 00:09: ttyS0 at I/O 0x3f8 (irq = 4) is a 16550A
[Wed Jun  1 12:54:49 2016] Non-volatile memory driver v1.3
[Wed Jun  1 12:54:49 2016] Linux agpgart interface v0.103
[Wed Jun  1 12:54:49 2016] crash memory driver: version 1.1
[Wed Jun  1 12:54:49 2016] rdac: device handler registered
[Wed Jun  1 12:54:49 2016] hp_sw: device handler registered
[Wed Jun  1 12:54:49 2016] emc: device handler registered
[Wed Jun  1 12:54:49 2016] alua: device handler registered
[Wed Jun  1 12:54:49 2016] libphy: Fixed MDIO Bus: probed
[Wed Jun  1 12:54:49 2016] ehci_hcd: USB 2.0 'Enhanced' Host Controller (EHCI) Driver
[Wed Jun  1 12:54:49 2016] ehci-pci: EHCI PCI platform driver
[Wed Jun  1 12:54:49 2016] ehci-pci 0000:00:1a.0: EHCI Host Controller
[Wed Jun  1 12:54:49 2016] ehci-pci 0000:00:1a.0: new USB bus registered, assigned bus number 1
[Wed Jun  1 12:54:49 2016] ehci-pci 0000:00:1a.0: debug port 2
[Wed Jun  1 12:54:49 2016] ehci-pci 0000:00:1a.0: cache line size of 64 is not supported
[Wed Jun  1 12:54:49 2016] ehci-pci 0000:00:1a.0: irq 16, io mem 0xf7d38000
[Wed Jun  1 12:54:49 2016] ehci-pci 0000:00:1a.0: USB 2.0 started, EHCI 1.00
[Wed Jun  1 12:54:49 2016] usb usb1: New USB device found, idVendor=1d6b, idProduct=0002
[Wed Jun  1 12:54:49 2016] usb usb1: New USB device strings: Mfr=3, Product=2, SerialNumber=1
[Wed Jun  1 12:54:49 2016] usb usb1: Product: EHCI Host Controller
[Wed Jun  1 12:54:49 2016] usb usb1: Manufacturer: Linux 3.10.0-123.el7.x86_64 ehci_hcd
[Wed Jun  1 12:54:49 2016] usb usb1: SerialNumber: 0000:00:1a.0
[Wed Jun  1 12:54:49 2016] hub 1-0:1.0: USB hub found
[Wed Jun  1 12:54:49 2016] hub 1-0:1.0: 2 ports detected
[Wed Jun  1 12:54:49 2016] ehci-pci 0000:00:1d.0: EHCI Host Controller
[Wed Jun  1 12:54:49 2016] ehci-pci 0000:00:1d.0: new USB bus registered, assigned bus number 2
[Wed Jun  1 12:54:49 2016] ehci-pci 0000:00:1d.0: debug port 2
[Wed Jun  1 12:54:49 2016] ehci-pci 0000:00:1d.0: cache line size of 64 is not supported
[Wed Jun  1 12:54:49 2016] ehci-pci 0000:00:1d.0: irq 23, io mem 0xf7d37000
[Wed Jun  1 12:54:49 2016] ehci-pci 0000:00:1d.0: USB 2.0 started, EHCI 1.00
[Wed Jun  1 12:54:49 2016] usb usb2: New USB device found, idVendor=1d6b, idProduct=0002
[Wed Jun  1 12:54:49 2016] usb usb2: New USB device strings: Mfr=3, Product=2, SerialNumber=1
[Wed Jun  1 12:54:49 2016] usb usb2: Product: EHCI Host Controller
[Wed Jun  1 12:54:49 2016] usb usb2: Manufacturer: Linux 3.10.0-123.el7.x86_64 ehci_hcd
[Wed Jun  1 12:54:49 2016] usb usb2: SerialNumber: 0000:00:1d.0
[Wed Jun  1 12:54:49 2016] hub 2-0:1.0: USB hub found
[Wed Jun  1 12:54:49 2016] hub 2-0:1.0: 2 ports detected
[Wed Jun  1 12:54:49 2016] ohci_hcd: USB 1.1 'Open' Host Controller (OHCI) Driver
[Wed Jun  1 12:54:49 2016] ohci-pci: OHCI PCI platform driver
[Wed Jun  1 12:54:49 2016] uhci_hcd: USB Universal Host Controller Interface driver
[Wed Jun  1 12:54:49 2016] xhci_hcd 0000:00:14.0: xHCI Host Controller
[Wed Jun  1 12:54:49 2016] xhci_hcd 0000:00:14.0: new USB bus registered, assigned bus number 3
[Wed Jun  1 12:54:49 2016] xhci_hcd 0000:00:14.0: cache line size of 64 is not supported
[Wed Jun  1 12:54:49 2016] xhci_hcd 0000:00:14.0: irq 42 for MSI/MSI-X
[Wed Jun  1 12:54:49 2016] usb usb3: New USB device found, idVendor=1d6b, idProduct=0002
[Wed Jun  1 12:54:49 2016] usb usb3: New USB device strings: Mfr=3, Product=2, SerialNumber=1
[Wed Jun  1 12:54:49 2016] usb usb3: Product: xHCI Host Controller
[Wed Jun  1 12:54:49 2016] usb usb3: Manufacturer: Linux 3.10.0-123.el7.x86_64 xhci_hcd
[Wed Jun  1 12:54:49 2016] usb usb3: SerialNumber: 0000:00:14.0
[Wed Jun  1 12:54:49 2016] hub 3-0:1.0: USB hub found
[Wed Jun  1 12:54:49 2016] hub 3-0:1.0: 4 ports detected
[Wed Jun  1 12:54:49 2016] xhci_hcd 0000:00:14.0: xHCI Host Controller
[Wed Jun  1 12:54:49 2016] xhci_hcd 0000:00:14.0: new USB bus registered, assigned bus number 4
[Wed Jun  1 12:54:49 2016] usb usb4: New USB device found, idVendor=1d6b, idProduct=0003
[Wed Jun  1 12:54:49 2016] usb usb4: New USB device strings: Mfr=3, Product=2, SerialNumber=1
[Wed Jun  1 12:54:49 2016] usb usb4: Product: xHCI Host Controller
[Wed Jun  1 12:54:49 2016] usb usb4: Manufacturer: Linux 3.10.0-123.el7.x86_64 xhci_hcd
[Wed Jun  1 12:54:49 2016] usb usb4: SerialNumber: 0000:00:14.0
[Wed Jun  1 12:54:49 2016] hub 4-0:1.0: USB hub found
[Wed Jun  1 12:54:49 2016] hub 4-0:1.0: 4 ports detected
[Wed Jun  1 12:54:49 2016] usbcore: registered new interface driver usbserial
[Wed Jun  1 12:54:49 2016] usbcore: registered new interface driver usbserial_generic
[Wed Jun  1 12:54:49 2016] usbserial: USB Serial support registered for generic
[Wed Jun  1 12:54:49 2016] i8042: PNP: No PS/2 controller found. Probing ports directly.
[Wed Jun  1 12:54:50 2016] i8042: No controller found
[Wed Jun  1 12:54:50 2016] mousedev: PS/2 mouse device common for all mice
[Wed Jun  1 12:54:50 2016] tsc: Refined TSC clocksource calibration: 3200.022 MHz
[Wed Jun  1 12:54:50 2016] Switching to clocksource tsc
[Wed Jun  1 12:54:50 2016] rtc_cmos 00:05: RTC can wake from S4
[Wed Jun  1 12:54:50 2016] rtc_cmos 00:05: rtc core: registered rtc_cmos as rtc0
[Wed Jun  1 12:54:50 2016] rtc_cmos 00:05: alarms up to one month, y3k, 242 bytes nvram, hpet irqs
[Wed Jun  1 12:54:50 2016] Intel P-state driver initializing.
[Wed Jun  1 12:54:50 2016] Intel pstate controlling: cpu 0
[Wed Jun  1 12:54:50 2016] Intel pstate controlling: cpu 1
[Wed Jun  1 12:54:50 2016] Intel pstate controlling: cpu 2
[Wed Jun  1 12:54:50 2016] Intel pstate controlling: cpu 3
[Wed Jun  1 12:54:50 2016] cpuidle: using governor menu
[Wed Jun  1 12:54:50 2016] hidraw: raw HID events driver (C) Jiri Kosina
[Wed Jun  1 12:54:50 2016] usbcore: registered new interface driver usbhid
[Wed Jun  1 12:54:50 2016] usbhid: USB HID core driver
[Wed Jun  1 12:54:50 2016] drop_monitor: Initializing network drop monitor service
[Wed Jun  1 12:54:50 2016] TCP: cubic registered
[Wed Jun  1 12:54:50 2016] Initializing XFRM netlink socket
[Wed Jun  1 12:54:50 2016] NET: Registered protocol family 10
[Wed Jun  1 12:54:50 2016] NET: Registered protocol family 17
[Wed Jun  1 12:54:50 2016] Loading compiled-in X.509 certificates
[Wed Jun  1 12:54:50 2016] Loaded X.509 cert 'CentOS Linux kpatch signing key: ea0413152cde1d98ebdca3fe6f0230904c9ef717'
[Wed Jun  1 12:54:50 2016] Loaded X.509 cert 'CentOS Linux Driver update signing key: 7f421ee0ab69461574bb358861dbe77762a4201b'
[Wed Jun  1 12:54:50 2016] Loaded X.509 cert 'CentOS Linux kernel signing key: bc83d0fe70c62fab1c58b4ebaa95e3936128fcf4'
[Wed Jun  1 12:54:50 2016] registered taskstats version 1
[Wed Jun  1 12:54:50 2016] Key type trusted registered
[Wed Jun  1 12:54:50 2016] Key type encrypted registered
[Wed Jun  1 12:54:50 2016] IMA: No TPM chip found, activating TPM-bypass!
[Wed Jun  1 12:54:50 2016] rtc_cmos 00:05: setting system clock to 2016-06-01 12:54:51 UTC (1464785691)
[Wed Jun  1 12:54:50 2016] Freeing unused kernel memory: 1584k freed
[Wed Jun  1 12:54:50 2016] systemd[1]: systemd 208 running in system mode. (+PAM +LIBWRAP +AUDIT +SELINUX +IMA +SYSVINIT +LIBCRYPTSETUP +GCRYPT +ACL +XZ)
[Wed Jun  1 12:54:50 2016] systemd[1]: Running in initial RAM disk.
[Wed Jun  1 12:54:50 2016] systemd[1]: Set hostname to <localhost.localdomain>.
[Wed Jun  1 12:54:50 2016] systemd[1]: Expecting device dev-disk-by\x2duuid-b2054d16\x2d4fd2\x2d41c4\x2d9929\x2d6d27347ee0a3.device...
[Wed Jun  1 12:54:50 2016] systemd[1]: Starting -.slice.
[Wed Jun  1 12:54:50 2016] systemd[1]: Created slice -.slice.
[Wed Jun  1 12:54:50 2016] systemd[1]: Starting System Slice.
[Wed Jun  1 12:54:50 2016] systemd[1]: Created slice System Slice.
[Wed Jun  1 12:54:50 2016] systemd[1]: Starting Slices.
[Wed Jun  1 12:54:50 2016] systemd[1]: Reached target Slices.
[Wed Jun  1 12:54:50 2016] systemd[1]: Starting Timers.
[Wed Jun  1 12:54:50 2016] systemd[1]: Reached target Timers.
[Wed Jun  1 12:54:50 2016] systemd[1]: Starting Journal Socket.
[Wed Jun  1 12:54:50 2016] systemd[1]: Listening on Journal Socket.
[Wed Jun  1 12:54:50 2016] systemd[1]: Starting dracut cmdline hook...
[Wed Jun  1 12:54:50 2016] systemd[1]: Started Load Kernel Modules.
[Wed Jun  1 12:54:50 2016] systemd[1]: Starting Setup Virtual Console...
[Wed Jun  1 12:54:50 2016] systemd[1]: Starting Journal Service...
[Wed Jun  1 12:54:50 2016] systemd[1]: Started Journal Service.
[Wed Jun  1 12:54:50 2016] systemd-journald[105]: Vacuuming done, freed 0 bytes
[Wed Jun  1 12:54:50 2016] device-mapper: uevent: version 1.0.3
[Wed Jun  1 12:54:50 2016] device-mapper: ioctl: 4.27.0-ioctl (2013-10-30) initialised: dm-devel@redhat.com
[Wed Jun  1 12:54:50 2016] systemd-udevd[260]: starting version 208
[Wed Jun  1 12:54:50 2016] pps_core: LinuxPPS API ver. 1 registered
[Wed Jun  1 12:54:50 2016] pps_core: Software ver. 5.3.6 - Copyright 2005-2007 Rodolfo Giometti <giometti@linux.it>
[Wed Jun  1 12:54:50 2016] PTP clock support registered
[Wed Jun  1 12:54:50 2016] [drm] Initialized drm 1.1.0 20060810
[Wed Jun  1 12:54:50 2016] e1000e: Intel(R) PRO/1000 Network Driver - 2.3.2-k
[Wed Jun  1 12:54:50 2016] e1000e: Copyright(c) 1999 - 2013 Intel Corporation.
[Wed Jun  1 12:54:50 2016] e1000e 0000:00:19.0: Interrupt Throttling Rate (ints/sec) set to dynamic conservative mode
[Wed Jun  1 12:54:50 2016] e1000e 0000:00:19.0: irq 43 for MSI/MSI-X
[Wed Jun  1 12:54:50 2016] r8169 Gigabit Ethernet driver 2.3LK-NAPI loaded
[Wed Jun  1 12:54:50 2016] r8169 0000:02:00.0: can't disable ASPM; OS doesn't have ASPM control
[Wed Jun  1 12:54:50 2016] r8169 0000:02:00.0: irq 44 for MSI/MSI-X
[Wed Jun  1 12:54:50 2016] r8169 0000:02:00.0 eth0: RTL8168c/8111c at 0xffffc9000303c000, 00:e0:4c:80:61:62, XID 1c4000c0 IRQ 44
[Wed Jun  1 12:54:50 2016] r8169 0000:02:00.0 eth0: jumbo features [frames: 6128 bytes, tx checksumming: ko]
[Wed Jun  1 12:54:50 2016] ACPI: bus type ATA registered
[Wed Jun  1 12:54:50 2016] libata version 3.00 loaded.
[Wed Jun  1 12:54:50 2016] systemd-udevd[262]: renamed network interface eth0 to enp2s0
[Wed Jun  1 12:54:50 2016] usb 1-1: new high-speed USB device number 2 using ehci-pci
[Wed Jun  1 12:54:50 2016] usb 1-1: New USB device found, idVendor=8087, idProduct=0024
[Wed Jun  1 12:54:50 2016] usb 1-1: New USB device strings: Mfr=0, Product=0, SerialNumber=0
[Wed Jun  1 12:54:50 2016] hub 1-1:1.0: USB hub found
[Wed Jun  1 12:54:50 2016] hub 1-1:1.0: 6 ports detected
[Wed Jun  1 12:54:50 2016] usb 2-1: new high-speed USB device number 2 using ehci-pci
[Wed Jun  1 12:54:50 2016] e1000e 0000:00:19.0 eth0: registered PHC clock
[Wed Jun  1 12:54:50 2016] e1000e 0000:00:19.0 eth0: (PCI Express:2.5GT/s:Width x1) 00:22:4d:a7:16:7e
[Wed Jun  1 12:54:50 2016] e1000e 0000:00:19.0 eth0: Intel(R) PRO/1000 Network Connection
[Wed Jun  1 12:54:50 2016] e1000e 0000:00:19.0 eth0: MAC: 10, PHY: 11, PBA No: FFFFFF-0FF
[Wed Jun  1 12:54:50 2016] ahci 0000:00:1f.2: version 3.0
[Wed Jun  1 12:54:50 2016] ahci 0000:00:1f.2: irq 45 for MSI/MSI-X
[Wed Jun  1 12:54:50 2016] ahci: SSS flag set, parallel bus scan disabled
[Wed Jun  1 12:54:50 2016] ahci 0000:00:1f.2: AHCI 0001.0300 32 slots 6 ports 6 Gbps 0x27 impl SATA mode
[Wed Jun  1 12:54:50 2016] ahci 0000:00:1f.2: flags: 64bit ncq stag pm led clo pio slum part ems sxs apst 
[Wed Jun  1 12:54:50 2016] systemd-udevd[263]: renamed network interface eth0 to eno1
[Wed Jun  1 12:54:50 2016] scsi0 : ahci
[Wed Jun  1 12:54:50 2016] scsi1 : ahci
[Wed Jun  1 12:54:50 2016] scsi2 : ahci
[Wed Jun  1 12:54:50 2016] scsi3 : ahci
[Wed Jun  1 12:54:50 2016] scsi4 : ahci
[Wed Jun  1 12:54:50 2016] scsi5 : ahci
[Wed Jun  1 12:54:50 2016] ata1: SATA max UDMA/133 abar m2048@0xf7d36000 port 0xf7d36100 irq 45
[Wed Jun  1 12:54:50 2016] ata2: SATA max UDMA/133 abar m2048@0xf7d36000 port 0xf7d36180 irq 45
[Wed Jun  1 12:54:50 2016] ata3: SATA max UDMA/133 abar m2048@0xf7d36000 port 0xf7d36200 irq 45
[Wed Jun  1 12:54:50 2016] ata4: DUMMY
[Wed Jun  1 12:54:50 2016] ata5: DUMMY
[Wed Jun  1 12:54:50 2016] ata6: SATA max UDMA/133 abar m2048@0xf7d36000 port 0xf7d36380 irq 45
[Wed Jun  1 12:54:50 2016] [drm] Memory usable by graphics device = 2048M
[Wed Jun  1 12:54:50 2016] i915 0000:00:02.0: irq 46 for MSI/MSI-X
[Wed Jun  1 12:54:50 2016] [drm] Supports vblank timestamp caching Rev 1 (10.10.2010).
[Wed Jun  1 12:54:50 2016] [drm] Driver supports precise vblank timestamp query.
[Wed Jun  1 12:54:50 2016] vgaarb: device changed decodes: PCI:0000:00:02.0,olddecodes=io+mem,decodes=io+mem:owns=io+mem
[Wed Jun  1 12:54:50 2016] i915 0000:00:02.0: No connectors reported connected with modes
[Wed Jun  1 12:54:50 2016] [drm] Cannot find any crtc or sizes - going 1024x768
[Wed Jun  1 12:54:50 2016] fbcon: inteldrmfb (fb0) is primary device
[Wed Jun  1 12:54:50 2016] Console: switching to colour frame buffer device 128x48
[Wed Jun  1 12:54:50 2016] i915 0000:00:02.0: fb0: inteldrmfb frame buffer device
[Wed Jun  1 12:54:50 2016] i915 0000:00:02.0: registered panic notifier
[Wed Jun  1 12:54:50 2016] acpi device:4a: registered as cooling_device9
[Wed Jun  1 12:54:50 2016] ACPI: Video Device [GFX0] (multi-head: yes  rom: no  post: no)
[Wed Jun  1 12:54:50 2016] input: Video Bus as /devices/LNXSYSTM:00/device:00/PNP0A08:00/LNXVIDEO:00/input/input2
[Wed Jun  1 12:54:50 2016] [drm] Initialized i915 1.6.0 20080730 for 0000:00:02.0 on minor 0
[Wed Jun  1 12:54:51 2016] usb 2-1: New USB device found, idVendor=8087, idProduct=0024
[Wed Jun  1 12:54:51 2016] usb 2-1: New USB device strings: Mfr=0, Product=0, SerialNumber=0
[Wed Jun  1 12:54:51 2016] hub 2-1:1.0: USB hub found
[Wed Jun  1 12:54:51 2016] hub 2-1:1.0: 8 ports detected
[Wed Jun  1 12:54:51 2016] usb 1-1.1: new high-speed USB device number 3 using ehci-pci
[Wed Jun  1 12:54:51 2016] usb 1-1.1: New USB device found, idVendor=0930, idProduct=6545
[Wed Jun  1 12:54:51 2016] usb 1-1.1: New USB device strings: Mfr=1, Product=2, SerialNumber=3
[Wed Jun  1 12:54:51 2016] usb 1-1.1: Product: DataTraveler G3
[Wed Jun  1 12:54:51 2016] usb 1-1.1: Manufacturer: Kingston
[Wed Jun  1 12:54:51 2016] usb 1-1.1: SerialNumber: 0014222838E6EC3135CA025C
[Wed Jun  1 12:54:51 2016] usb-storage 1-1.1:1.0: USB Mass Storage device detected
[Wed Jun  1 12:54:51 2016] scsi6 : usb-storage 1-1.1:1.0
[Wed Jun  1 12:54:51 2016] usbcore: registered new interface driver usb-storage
[Wed Jun  1 12:54:51 2016] ata1: SATA link up 3.0 Gbps (SStatus 123 SControl 300)
[Wed Jun  1 12:54:51 2016] ata1.00: ACPI cmd ef/10:06:00:00:00:00 (SET FEATURES) succeeded
[Wed Jun  1 12:54:51 2016] ata1.00: ACPI cmd f5/00:00:00:00:00:00 (SECURITY FREEZE LOCK) filtered out
[Wed Jun  1 12:54:51 2016] ata1.00: ACPI cmd b1/c1:00:00:00:00:00 (DEVICE CONFIGURATION OVERLAY) filtered out
[Wed Jun  1 12:54:51 2016] ata1.00: ATA-7: ST3250310CS, 3.ACD, max UDMA/133
[Wed Jun  1 12:54:51 2016] ata1.00: 488397168 sectors, multi 16: LBA48 NCQ (depth 31/32)
[Wed Jun  1 12:54:51 2016] ata1.00: ACPI cmd ef/10:06:00:00:00:00 (SET FEATURES) succeeded
[Wed Jun  1 12:54:51 2016] ata1.00: ACPI cmd f5/00:00:00:00:00:00 (SECURITY FREEZE LOCK) filtered out
[Wed Jun  1 12:54:51 2016] ata1.00: ACPI cmd b1/c1:00:00:00:00:00 (DEVICE CONFIGURATION OVERLAY) filtered out
[Wed Jun  1 12:54:51 2016] ata1.00: configured for UDMA/133
[Wed Jun  1 12:54:51 2016] scsi 0:0:0:0: Direct-Access     ATA      ST3250310CS      3.AC PQ: 0 ANSI: 5
[Wed Jun  1 12:54:51 2016] usb 2-1.7: new full-speed USB device number 3 using ehci-pci
[Wed Jun  1 12:54:51 2016] usb 2-1.7: New USB device found, idVendor=045e, idProduct=001c
[Wed Jun  1 12:54:51 2016] usb 2-1.7: New USB device strings: Mfr=0, Product=0, SerialNumber=0
[Wed Jun  1 12:54:51 2016] hub 2-1.7:1.0: USB hub found
[Wed Jun  1 12:54:51 2016] hub 2-1.7:1.0: 3 ports detected
[Wed Jun  1 12:54:51 2016] ata2: SATA link up 1.5 Gbps (SStatus 113 SControl 300)
[Wed Jun  1 12:54:51 2016] ata2.00: ACPI cmd ef/10:06:00:00:00:00 (SET FEATURES) succeeded
[Wed Jun  1 12:54:51 2016] ata2.00: ACPI cmd f5/00:00:00:00:00:00 (SECURITY FREEZE LOCK) filtered out
[Wed Jun  1 12:54:51 2016] ata2.00: ACPI cmd b1/c1:00:00:00:00:00 (DEVICE CONFIGURATION OVERLAY) filtered out
[Wed Jun  1 12:54:51 2016] ata2.00: ATAPI: HL-DT-ST DVDROM DH40N, AC00, max UDMA/100
[Wed Jun  1 12:54:51 2016] ata2.00: ACPI cmd ef/10:06:00:00:00:00 (SET FEATURES) succeeded
[Wed Jun  1 12:54:51 2016] ata2.00: ACPI cmd f5/00:00:00:00:00:00 (SECURITY FREEZE LOCK) filtered out
[Wed Jun  1 12:54:51 2016] ata2.00: ACPI cmd b1/c1:00:00:00:00:00 (DEVICE CONFIGURATION OVERLAY) filtered out
[Wed Jun  1 12:54:51 2016] ata2.00: configured for UDMA/100
[Wed Jun  1 12:54:51 2016] scsi 1:0:0:0: CD-ROM            HL-DT-ST DVDROM DH40N     AC00 PQ: 0 ANSI: 5
[Wed Jun  1 12:54:51 2016] usb 2-1.7.1: new low-speed USB device number 4 using ehci-pci
[Wed Jun  1 12:54:51 2016] usb 2-1.7.1: New USB device found, idVendor=045e, idProduct=002b
[Wed Jun  1 12:54:51 2016] usb 2-1.7.1: New USB device strings: Mfr=0, Product=1, SerialNumber=0
[Wed Jun  1 12:54:51 2016] usb 2-1.7.1: Product: Microsoft Internet Keyboard Pro
[Wed Jun  1 12:54:51 2016] input: Microsoft Internet Keyboard Pro as /devices/pci0000:00/0000:00:1d.0/usb2/2-1/2-1.7/2-1.7.1/2-1.7.1:1.0/input/input3
[Wed Jun  1 12:54:51 2016] hid-generic 0003:045E:002B.0001: input,hidraw0: USB HID v1.10 Keyboard [Microsoft Internet Keyboard Pro] on usb-0000:00:1d.0-1.7.1/input0
[Wed Jun  1 12:54:51 2016] input: Microsoft Internet Keyboard Pro as /devices/pci0000:00/0000:00:1d.0/usb2/2-1/2-1.7/2-1.7.1/2-1.7.1:1.1/input/input4
[Wed Jun  1 12:54:51 2016] hid-generic 0003:045E:002B.0002: input,hidraw1: USB HID v1.10 Device [Microsoft Internet Keyboard Pro] on usb-0000:00:1d.0-1.7.1/input1
[Wed Jun  1 12:54:51 2016] ata3: SATA link up 3.0 Gbps (SStatus 123 SControl 300)
[Wed Jun  1 12:54:51 2016] ata3.00: ACPI cmd ef/10:06:00:00:00:00 (SET FEATURES) succeeded
[Wed Jun  1 12:54:51 2016] ata3.00: ACPI cmd f5/00:00:00:00:00:00 (SECURITY FREEZE LOCK) filtered out
[Wed Jun  1 12:54:51 2016] ata3.00: ACPI cmd b1/c1:00:00:00:00:00 (DEVICE CONFIGURATION OVERLAY) filtered out
[Wed Jun  1 12:54:51 2016] ata3.00: ATA-8: TOSHIBA DT01ACA100, MS2OA750, max UDMA/133
[Wed Jun  1 12:54:51 2016] ata3.00: 1953525168 sectors, multi 16: LBA48 NCQ (depth 31/32), AA
[Wed Jun  1 12:54:51 2016] ata3.00: ACPI cmd ef/10:06:00:00:00:00 (SET FEATURES) succeeded
[Wed Jun  1 12:54:51 2016] ata3.00: ACPI cmd f5/00:00:00:00:00:00 (SECURITY FREEZE LOCK) filtered out
[Wed Jun  1 12:54:51 2016] ata3.00: ACPI cmd b1/c1:00:00:00:00:00 (DEVICE CONFIGURATION OVERLAY) filtered out
[Wed Jun  1 12:54:51 2016] ata3.00: configured for UDMA/133
[Wed Jun  1 12:54:51 2016] scsi 2:0:0:0: Direct-Access     ATA      TOSHIBA DT01ACA1 MS2O PQ: 0 ANSI: 5
[Wed Jun  1 12:54:52 2016] ata6: SATA link down (SStatus 0 SControl 300)
[Wed Jun  1 12:54:52 2016] sd 0:0:0:0: [sda] 488397168 512-byte logical blocks: (250 GB/232 GiB)
[Wed Jun  1 12:54:52 2016] sd 0:0:0:0: [sda] Write Protect is off
[Wed Jun  1 12:54:52 2016] sd 0:0:0:0: [sda] Mode Sense: 00 3a 00 00
[Wed Jun  1 12:54:52 2016] sd 0:0:0:0: [sda] Write cache: enabled, read cache: enabled, doesn't support DPO or FUA
[Wed Jun  1 12:54:52 2016] usb 2-1.7.3: new full-speed USB device number 5 using ehci-pci
[Wed Jun  1 12:54:52 2016] sr0: scsi3-mmc drive: 12x/48x cd/rw xa/form2 cdda tray
[Wed Jun  1 12:54:52 2016] cdrom: Uniform CD-ROM driver Revision: 3.20
[Wed Jun  1 12:54:52 2016] sr 1:0:0:0: Attached scsi CD-ROM sr0
[Wed Jun  1 12:54:52 2016] sd 2:0:0:0: [sdb] 1953525168 512-byte logical blocks: (1.00 TB/931 GiB)
[Wed Jun  1 12:54:52 2016] sd 2:0:0:0: [sdb] 4096-byte physical blocks
[Wed Jun  1 12:54:52 2016] sd 2:0:0:0: [sdb] Write Protect is off
[Wed Jun  1 12:54:52 2016] sd 2:0:0:0: [sdb] Mode Sense: 00 3a 00 00
[Wed Jun  1 12:54:52 2016] sd 2:0:0:0: [sdb] Write cache: enabled, read cache: enabled, doesn't support DPO or FUA
[Wed Jun  1 12:54:52 2016] scsi 6:0:0:0: Direct-Access     Kingston DataTraveler G3  PMAP PQ: 0 ANSI: 0 CCS
[Wed Jun  1 12:54:52 2016] sd 6:0:0:0: [sdc] 7827456 512-byte logical blocks: (4.00 GB/3.73 GiB)
[Wed Jun  1 12:54:52 2016] sd 6:0:0:0: [sdc] Write Protect is off
[Wed Jun  1 12:54:52 2016] sd 6:0:0:0: [sdc] Mode Sense: 23 00 00 00
[Wed Jun  1 12:54:52 2016] sd 6:0:0:0: [sdc] No Caching mode page found
[Wed Jun  1 12:54:52 2016] sd 6:0:0:0: [sdc] Assuming drive cache: write through
[Wed Jun  1 12:54:52 2016] sd 6:0:0:0: [sdc] No Caching mode page found
[Wed Jun  1 12:54:52 2016] sd 6:0:0:0: [sdc] Assuming drive cache: write through
[Wed Jun  1 12:54:52 2016]  sdc: sdc1
[Wed Jun  1 12:54:52 2016] sd 6:0:0:0: [sdc] No Caching mode page found
[Wed Jun  1 12:54:52 2016] sd 6:0:0:0: [sdc] Assuming drive cache: write through
[Wed Jun  1 12:54:52 2016] sd 6:0:0:0: [sdc] Attached SCSI removable disk
[Wed Jun  1 12:54:52 2016]  sdb: sdb1 sdb2 sdb3 sdb4 < >
[Wed Jun  1 12:54:52 2016] sd 2:0:0:0: [sdb] Attached SCSI disk
[Wed Jun  1 12:54:52 2016]  sda: sda1 sda2 sda3 sda4 < sda5 sda6 sda7 sda8 sda9 sda10 >
[Wed Jun  1 12:54:52 2016] sd 0:0:0:0: [sda] Attached SCSI disk
[Wed Jun  1 12:54:52 2016] usb 2-1.7.3: New USB device found, idVendor=3938, idProduct=1031
[Wed Jun  1 12:54:52 2016] usb 2-1.7.3: New USB device strings: Mfr=1, Product=2, SerialNumber=0
[Wed Jun  1 12:54:52 2016] usb 2-1.7.3: Product: 2.4G Wireless Mouse
[Wed Jun  1 12:54:52 2016] usb 2-1.7.3: Manufacturer: MOSART Semi.
[Wed Jun  1 12:54:52 2016] input: MOSART Semi. 2.4G Wireless Mouse as /devices/pci0000:00/0000:00:1d.0/usb2/2-1/2-1.7/2-1.7.3/2-1.7.3:1.0/input/input5
[Wed Jun  1 12:54:52 2016] hid-generic 0003:3938:1031.0003: input,hiddev0,hidraw2: USB HID v1.10 Mouse [MOSART Semi. 2.4G Wireless Mouse] on usb-0000:00:1d.0-1.7.3/input0
[Wed Jun  1 12:54:52 2016] [drm] Enabling RC6 states: RC6 on, RC6p on, RC6pp off
[Wed Jun  1 12:54:53 2016] bio: create slab <bio-1> at 1
[Wed Jun  1 12:54:53 2016] SGI XFS with ACLs, security attributes, large block/inode numbers, no debug enabled
[Wed Jun  1 12:54:53 2016] XFS (dm-1): Mounting Filesystem
[Wed Jun  1 12:54:53 2016] XFS (dm-1): Ending clean mount
[Wed Jun  1 12:54:54 2016] systemd-journald[105]: Received SIGTERM
[Wed Jun  1 12:54:54 2016] type=1404 audit(1464785695.658:2): enforcing=1 old_enforcing=0 auid=4294967295 ses=4294967295
[Wed Jun  1 12:54:54 2016] SELinux: 2048 avtab hash slots, 106409 rules.
[Wed Jun  1 12:54:54 2016] SELinux: 2048 avtab hash slots, 106409 rules.
[Wed Jun  1 12:54:54 2016] SELinux:  8 users, 86 roles, 4801 types, 280 bools, 1 sens, 1024 cats
[Wed Jun  1 12:54:54 2016] SELinux:  83 classes, 106409 rules
[Wed Jun  1 12:54:54 2016] SELinux:  Completing initialization.
[Wed Jun  1 12:54:54 2016] SELinux:  Setting up existing superblocks.
[Wed Jun  1 12:54:54 2016] SELinux: initialized (dev sysfs, type sysfs), uses genfs_contexts
[Wed Jun  1 12:54:54 2016] SELinux: initialized (dev rootfs, type rootfs), uses genfs_contexts
[Wed Jun  1 12:54:54 2016] SELinux: initialized (dev bdev, type bdev), uses genfs_contexts
[Wed Jun  1 12:54:54 2016] SELinux: initialized (dev proc, type proc), uses genfs_contexts
[Wed Jun  1 12:54:54 2016] SELinux: initialized (dev tmpfs, type tmpfs), uses transition SIDs
[Wed Jun  1 12:54:54 2016] SELinux: initialized (dev devtmpfs, type devtmpfs), uses transition SIDs
[Wed Jun  1 12:54:54 2016] SELinux: initialized (dev sockfs, type sockfs), uses task SIDs
[Wed Jun  1 12:54:54 2016] SELinux: initialized (dev debugfs, type debugfs), uses genfs_contexts
[Wed Jun  1 12:54:54 2016] SELinux: initialized (dev pipefs, type pipefs), uses task SIDs
[Wed Jun  1 12:54:54 2016] SELinux: initialized (dev anon_inodefs, type anon_inodefs), uses genfs_contexts
[Wed Jun  1 12:54:54 2016] SELinux: initialized (dev aio, type aio), not configured for labeling
[Wed Jun  1 12:54:54 2016] SELinux: initialized (dev devpts, type devpts), uses transition SIDs
[Wed Jun  1 12:54:54 2016] SELinux: initialized (dev hugetlbfs, type hugetlbfs), uses transition SIDs
[Wed Jun  1 12:54:54 2016] SELinux: initialized (dev mqueue, type mqueue), uses transition SIDs
[Wed Jun  1 12:54:54 2016] SELinux: initialized (dev selinuxfs, type selinuxfs), uses genfs_contexts
[Wed Jun  1 12:54:54 2016] SELinux: initialized (dev securityfs, type securityfs), uses genfs_contexts
[Wed Jun  1 12:54:54 2016] SELinux: initialized (dev sysfs, type sysfs), uses genfs_contexts
[Wed Jun  1 12:54:54 2016] SELinux: initialized (dev tmpfs, type tmpfs), uses transition SIDs
[Wed Jun  1 12:54:54 2016] SELinux: initialized (dev tmpfs, type tmpfs), uses transition SIDs
[Wed Jun  1 12:54:54 2016] SELinux: initialized (dev tmpfs, type tmpfs), uses transition SIDs
[Wed Jun  1 12:54:54 2016] SELinux: initialized (dev cgroup, type cgroup), uses genfs_contexts
[Wed Jun  1 12:54:54 2016] SELinux: initialized (dev pstore, type pstore), uses genfs_contexts
[Wed Jun  1 12:54:54 2016] SELinux: initialized (dev cgroup, type cgroup), uses genfs_contexts
[Wed Jun  1 12:54:54 2016] SELinux: initialized (dev cgroup, type cgroup), uses genfs_contexts
[Wed Jun  1 12:54:54 2016] SELinux: initialized (dev cgroup, type cgroup), uses genfs_contexts
[Wed Jun  1 12:54:54 2016] SELinux: initialized (dev cgroup, type cgroup), uses genfs_contexts
[Wed Jun  1 12:54:54 2016] SELinux: initialized (dev cgroup, type cgroup), uses genfs_contexts
[Wed Jun  1 12:54:54 2016] SELinux: initialized (dev cgroup, type cgroup), uses genfs_contexts
[Wed Jun  1 12:54:54 2016] SELinux: initialized (dev cgroup, type cgroup), uses genfs_contexts
[Wed Jun  1 12:54:54 2016] SELinux: initialized (dev cgroup, type cgroup), uses genfs_contexts
[Wed Jun  1 12:54:54 2016] SELinux: initialized (dev cgroup, type cgroup), uses genfs_contexts
[Wed Jun  1 12:54:54 2016] SELinux: initialized (dev configfs, type configfs), uses genfs_contexts
[Wed Jun  1 12:54:54 2016] SELinux: initialized (dev dm-1, type xfs), uses xattr
[Wed Jun  1 12:54:54 2016] type=1403 audit(1464785695.841:3): policy loaded auid=4294967295 ses=4294967295
[Wed Jun  1 12:54:54 2016] systemd[1]: Successfully loaded SELinux policy in 225.829ms.
[Wed Jun  1 12:54:54 2016] systemd[1]: RTC configured in localtime, applying delta of 330 minutes to system time.
[Wed Jun  1 12:54:54 2016] systemd[1]: Relabelled /dev and /run in 16.494ms.
[Wed Jun  1 12:54:56 2016] SELinux: initialized (dev autofs, type autofs), uses genfs_contexts
[Wed Jun  1 12:54:57 2016] systemd-journald[527]: Vacuuming done, freed 0 bytes
[Wed Jun  1 12:54:57 2016] SELinux: initialized (dev hugetlbfs, type hugetlbfs), uses transition SIDs
[Wed Jun  1 12:54:58 2016] systemd-udevd[563]: starting version 208
[Wed Jun  1 12:54:58 2016] RPC: Registered named UNIX socket transport module.
[Wed Jun  1 12:54:58 2016] RPC: Registered udp transport module.
[Wed Jun  1 12:54:58 2016] RPC: Registered tcp transport module.
[Wed Jun  1 12:54:58 2016] RPC: Registered tcp NFSv4.1 backchannel transport module.
[Wed Jun  1 12:54:58 2016] SELinux: initialized (dev rpc_pipefs, type rpc_pipefs), uses genfs_contexts
[Wed Jun  1 12:54:58 2016] Installing knfsd (copyright (C) 1996 okir@monad.swb.de).
[Wed Jun  1 12:54:58 2016] SELinux: initialized (dev nfsd, type nfsd), uses genfs_contexts
[Wed Jun  1 12:54:59 2016] parport_pc 00:08: reported by Plug and Play ACPI
[Wed Jun  1 12:54:59 2016] parport0: PC-style at 0x378, irq 5 [PCSPP]
[Wed Jun  1 12:54:59 2016] mei_me 0000:00:16.0: irq 47 for MSI/MSI-X
[Wed Jun  1 12:54:59 2016] shpchp: Standard Hot Plug PCI Controller Driver version: 0.4
[Wed Jun  1 12:54:59 2016] wmi: Mapper loaded
[Wed Jun  1 12:54:59 2016] input: PC Speaker as /devices/platform/pcspkr/input/input6
[Wed Jun  1 12:54:59 2016] ACPI Warning: SystemIO range 0x000000000000f040-0x000000000000f05f conflicts with OpRegion 0x000000000000f040-0x000000000000f04f (\_SB_.PCI0.SBUS.SMBI) (20130517/utaddress-254)
[Wed Jun  1 12:54:59 2016] ACPI: If an ACPI driver is available for this device, you should use it instead of the native driver
[Wed Jun  1 12:54:59 2016] ACPI Warning: SystemIO range 0x0000000000000428-0x000000000000042f conflicts with OpRegion 0x0000000000000400-0x000000000000047f (\PMIO) (20130517/utaddress-254)
[Wed Jun  1 12:54:59 2016] ACPI: If an ACPI driver is available for this device, you should use it instead of the native driver
[Wed Jun  1 12:54:59 2016] ACPI Warning: SystemIO range 0x0000000000000530-0x000000000000053f conflicts with OpRegion 0x0000000000000500-0x0000000000000563 (\GPIO) (20130517/utaddress-254)
[Wed Jun  1 12:54:59 2016] ACPI: If an ACPI driver is available for this device, you should use it instead of the native driver
[Wed Jun  1 12:54:59 2016] ACPI Warning: SystemIO range 0x0000000000000500-0x000000000000052f conflicts with OpRegion 0x0000000000000500-0x0000000000000563 (\GPIO) (20130517/utaddress-254)
[Wed Jun  1 12:54:59 2016] ACPI Warning: SystemIO range 0x0000000000000500-0x000000000000052f conflicts with OpRegion 0x000000000000050f-0x000000000000050f (\_SB_.PCI0.RLED.DBG0) (20130517/utaddress-254)
[Wed Jun  1 12:54:59 2016] ACPI: If an ACPI driver is available for this device, you should use it instead of the native driver
[Wed Jun  1 12:54:59 2016] lpc_ich: Resource conflict(s) found affecting gpio_ich
[Wed Jun  1 12:54:59 2016] iTCO_vendor_support: vendor-support=0
[Wed Jun  1 12:54:59 2016] iTCO_wdt: Intel TCO WatchDog Timer Driver v1.10
[Wed Jun  1 12:54:59 2016] iTCO_wdt: Found a Panther Point TCO device (Version=2, TCOBASE=0x0460)
[Wed Jun  1 12:54:59 2016] iTCO_wdt: initialized. heartbeat=30 sec (nowayout=0)
[Wed Jun  1 12:54:59 2016] ppdev: user-space parallel port driver
[Wed Jun  1 12:54:59 2016] alg: No test for __gcm-aes-aesni (__driver-gcm-aes-aesni)
[Wed Jun  1 12:54:59 2016] alg: No test for crc32 (crc32-pclmul)
[Wed Jun  1 12:54:59 2016] snd_hda_intel 0000:00:1b.0: irq 48 for MSI/MSI-X
[Wed Jun  1 12:54:59 2016] input: HDA Intel PCH HDMI/DP,pcm=7 as /devices/pci0000:00/0000:00:1b.0/sound/card0/input7
[Wed Jun  1 12:54:59 2016] input: HDA Intel PCH HDMI/DP,pcm=3 as /devices/pci0000:00/0000:00:1b.0/sound/card0/input8
[Wed Jun  1 12:54:59 2016] input: HDA Intel PCH Front Headphone as /devices/pci0000:00/0000:00:1b.0/sound/card0/input9
[Wed Jun  1 12:54:59 2016] input: HDA Intel PCH Line Out CLFE as /devices/pci0000:00/0000:00:1b.0/sound/card0/input10
[Wed Jun  1 12:54:59 2016] input: HDA Intel PCH Line Out Surround as /devices/pci0000:00/0000:00:1b.0/sound/card0/input11
[Wed Jun  1 12:54:59 2016] input: HDA Intel PCH Line Out Front as /devices/pci0000:00/0000:00:1b.0/sound/card0/input12
[Wed Jun  1 12:54:59 2016] input: HDA Intel PCH Line as /devices/pci0000:00/0000:00:1b.0/sound/card0/input13
[Wed Jun  1 12:54:59 2016] input: HDA Intel PCH Rear Mic as /devices/pci0000:00/0000:00:1b.0/sound/card0/input14
[Wed Jun  1 12:54:59 2016] input: HDA Intel PCH Front Mic as /devices/pci0000:00/0000:00:1b.0/sound/card0/input15
[Wed Jun  1 12:55:00 2016] md: bind<sda3>
[Wed Jun  1 12:55:00 2016] Adding 1023996k swap on /dev/mapper/centos-swap.  Priority:-1 extents:1 across:1023996k FS
[Wed Jun  1 12:55:00 2016] XFS (sdb2): Mounting Filesystem
[Wed Jun  1 12:55:00 2016] md: bind<sda2>
[Wed Jun  1 12:55:00 2016] md: bind<sda8>
[Wed Jun  1 12:55:00 2016] md: bind<sda6>
[Wed Jun  1 12:55:00 2016] md: bind<sda5>
[Wed Jun  1 12:55:00 2016] md: bind<sda9>
[Wed Jun  1 12:55:00 2016] md: bind<sda7>
[Wed Jun  1 12:55:00 2016] md: bind<sda1>
[Wed Jun  1 12:55:00 2016] async_tx: api initialized (async)
[Wed Jun  1 12:55:00 2016] xor: automatically using best checksumming function:
[Wed Jun  1 12:55:00 2016]    avx       : 21704.000 MB/sec
[Wed Jun  1 12:55:00 2016] raid6: sse2x1    8160 MB/s
[Wed Jun  1 12:55:00 2016] raid6: sse2x2   10683 MB/s
[Wed Jun  1 12:55:00 2016] raid6: sse2x4   13097 MB/s
[Wed Jun  1 12:55:00 2016] raid6: using algorithm sse2x4 (13097 MB/s)
[Wed Jun  1 12:55:00 2016] raid6: using ssse3x2 recovery algorithm
[Wed Jun  1 12:55:00 2016] md: raid6 personality registered for level 6
[Wed Jun  1 12:55:00 2016] md: raid5 personality registered for level 5
[Wed Jun  1 12:55:00 2016] md: raid4 personality registered for level 4
[Wed Jun  1 12:55:00 2016] md0: WARNING: sda1 appears to be on the same physical disk as sda9.
[Wed Jun  1 12:55:00 2016] md0: WARNING: sda1 appears to be on the same physical disk as sda5.
[Wed Jun  1 12:55:00 2016] md0: WARNING: sda1 appears to be on the same physical disk as sda6.
[Wed Jun  1 12:55:00 2016] md0: WARNING: sda1 appears to be on the same physical disk as sda8.
[Wed Jun  1 12:55:00 2016] md0: WARNING: sda1 appears to be on the same physical disk as sda2.
[Wed Jun  1 12:55:00 2016] md0: WARNING: sda7 appears to be on the same physical disk as sda1.
[Wed Jun  1 12:55:00 2016] md0: WARNING: sda7 appears to be on the same physical disk as sda9.
[Wed Jun  1 12:55:00 2016] md0: WARNING: sda7 appears to be on the same physical disk as sda5.
[Wed Jun  1 12:55:00 2016] md0: WARNING: sda7 appears to be on the same physical disk as sda6.
[Wed Jun  1 12:55:00 2016] md0: WARNING: sda7 appears to be on the same physical disk as sda8.
[Wed Jun  1 12:55:00 2016] md0: WARNING: sda7 appears to be on the same physical disk as sda2.
[Wed Jun  1 12:55:00 2016] md0: WARNING: sda7 appears to be on the same physical disk as sda3.
[Wed Jun  1 12:55:00 2016] md0: WARNING: sda5 appears to be on the same physical disk as sda9.
[Wed Jun  1 12:55:00 2016] md0: WARNING: sda5 appears to be on the same physical disk as sda6.
[Wed Jun  1 12:55:00 2016] md0: WARNING: sda5 appears to be on the same physical disk as sda8.
[Wed Jun  1 12:55:00 2016] md0: WARNING: sda6 appears to be on the same physical disk as sda9.
[Wed Jun  1 12:55:00 2016] md0: WARNING: sda8 appears to be on the same physical disk as sda9.
[Wed Jun  1 12:55:00 2016] md0: WARNING: sda8 appears to be on the same physical disk as sda6.
[Wed Jun  1 12:55:00 2016] md0: WARNING: sda2 appears to be on the same physical disk as sda9.
[Wed Jun  1 12:55:00 2016] md0: WARNING: sda2 appears to be on the same physical disk as sda5.
[Wed Jun  1 12:55:00 2016] md0: WARNING: sda2 appears to be on the same physical disk as sda6.
[Wed Jun  1 12:55:00 2016] md0: WARNING: sda2 appears to be on the same physical disk as sda8.
[Wed Jun  1 12:55:00 2016] md0: WARNING: sda3 appears to be on the same physical disk as sda1.
[Wed Jun  1 12:55:00 2016] md0: WARNING: sda3 appears to be on the same physical disk as sda9.
[Wed Jun  1 12:55:00 2016] md0: WARNING: sda3 appears to be on the same physical disk as sda5.
[Wed Jun  1 12:55:00 2016] md0: WARNING: sda3 appears to be on the same physical disk as sda6.
[Wed Jun  1 12:55:00 2016] md0: WARNING: sda3 appears to be on the same physical disk as sda8.
[Wed Jun  1 12:55:00 2016] md0: WARNING: sda3 appears to be on the same physical disk as sda2.
[Wed Jun  1 12:55:00 2016] True protection against single-disk failure might be compromised.
[Wed Jun  1 12:55:00 2016] md/raid:md0: device sda1 operational as raid disk 0
[Wed Jun  1 12:55:00 2016] md/raid:md0: device sda7 operational as raid disk 5
[Wed Jun  1 12:55:00 2016] md/raid:md0: device sda9 operational as raid disk 7
[Wed Jun  1 12:55:00 2016] md/raid:md0: device sda5 operational as raid disk 3
[Wed Jun  1 12:55:00 2016] md/raid:md0: device sda6 operational as raid disk 4
[Wed Jun  1 12:55:00 2016] md/raid:md0: device sda8 operational as raid disk 6
[Wed Jun  1 12:55:00 2016] md/raid:md0: device sda2 operational as raid disk 1
[Wed Jun  1 12:55:00 2016] md/raid:md0: device sda3 operational as raid disk 2
[Wed Jun  1 12:55:00 2016] md/raid:md0: allocated 8582kB
[Wed Jun  1 12:55:00 2016] md/raid:md0: raid level 6 active with 8 out of 8 devices, algorithm 2
[Wed Jun  1 12:55:00 2016] RAID conf printout:
[Wed Jun  1 12:55:00 2016]  --- level:6 rd:8 wd:8
[Wed Jun  1 12:55:00 2016]  disk 0, o:1, dev:sda1
[Wed Jun  1 12:55:00 2016]  disk 1, o:1, dev:sda2
[Wed Jun  1 12:55:00 2016]  disk 2, o:1, dev:sda3
[Wed Jun  1 12:55:00 2016]  disk 3, o:1, dev:sda5
[Wed Jun  1 12:55:00 2016]  disk 4, o:1, dev:sda6
[Wed Jun  1 12:55:00 2016]  disk 5, o:1, dev:sda7
[Wed Jun  1 12:55:00 2016]  disk 6, o:1, dev:sda8
[Wed Jun  1 12:55:00 2016]  disk 7, o:1, dev:sda9
[Wed Jun  1 12:55:00 2016] md0: detected capacity change from 0 to 64371032064
[Wed Jun  1 12:55:00 2016]  md0: unknown partition table
[Wed Jun  1 12:55:01 2016] XFS (sdb2): Ending clean mount
[Wed Jun  1 12:55:01 2016] SELinux: initialized (dev sdb2, type xfs), uses xattr
[Wed Jun  1 12:55:01 2016] systemd-journald[527]: Received request to flush runtime journal from PID 1
[Wed Jun  1 12:55:01 2016] type=1305 audit(1464765902.471:4): audit_pid=977 old=0 auid=4294967295 ses=4294967295 subj=system_u:system_r:auditd_t:s0 res=1
[Wed Jun  1 12:55:02 2016] sd 0:0:0:0: Attached scsi generic sg0 type 0
[Wed Jun  1 12:55:02 2016] sr 1:0:0:0: Attached scsi generic sg1 type 5
[Wed Jun  1 12:55:02 2016] sd 2:0:0:0: Attached scsi generic sg2 type 0
[Wed Jun  1 12:55:02 2016] sd 6:0:0:0: Attached scsi generic sg3 type 0
[Wed Jun  1 12:55:08 2016] ip_tables: (C) 2000-2006 Netfilter Core Team
[Wed Jun  1 12:55:08 2016] nf_conntrack version 0.5.0 (16384 buckets, 65536 max)
[Wed Jun  1 12:55:09 2016] ip6_tables: (C) 2000-2006 Netfilter Core Team
[Wed Jun  1 12:55:11 2016] Ebtables v2.0 registered
[Wed Jun  1 12:55:11 2016] Bridge firewalling registered
[Wed Jun  1 12:55:13 2016] r8169 0000:02:00.0 enp2s0: link down
[Wed Jun  1 12:55:13 2016] IPv6: ADDRCONF(NETDEV_UP): enp2s0: link is not ready
[Wed Jun  1 12:55:13 2016] e1000e 0000:00:19.0: irq 43 for MSI/MSI-X
[Wed Jun  1 12:55:13 2016] e1000e 0000:00:19.0: irq 43 for MSI/MSI-X
[Wed Jun  1 12:55:13 2016] IPv6: ADDRCONF(NETDEV_UP): eno1: link is not ready
[Wed Jun  1 12:55:14 2016] Rounding down aligned max_sectors from 4294967295 to 4294967288
[Wed Jun  1 12:55:15 2016] fuse init (API version 7.22)
[Wed Jun  1 12:55:15 2016] SELinux: initialized (dev fuse, type fuse), uses genfs_contexts
[Wed Jun  1 12:55:15 2016] SELinux: initialized (dev fusectl, type fusectl), uses genfs_contexts
[Wed Jun  1 12:55:16 2016] SELinux: initialized (dev mqueue, type mqueue), uses transition SIDs
[Wed Jun  1 12:55:16 2016] SELinux: initialized (dev proc, type proc), uses genfs_contexts
[Wed Jun  1 12:55:16 2016] SELinux: initialized (dev mqueue, type mqueue), uses transition SIDs
[Wed Jun  1 12:55:16 2016] SELinux: initialized (dev proc, type proc), uses genfs_contexts
[Wed Jun  1 12:55:18 2016] Bluetooth: Core ver 2.16
[Wed Jun  1 12:55:18 2016] NET: Registered protocol family 31
[Wed Jun  1 12:55:18 2016] Bluetooth: HCI device and connection manager initialized
[Wed Jun  1 12:55:18 2016] Bluetooth: HCI socket layer initialized
[Wed Jun  1 12:55:18 2016] Bluetooth: L2CAP socket layer initialized
[Wed Jun  1 12:55:18 2016] Bluetooth: SCO socket layer initialized
[Wed Jun  1 12:55:18 2016] Bluetooth: BNEP (Ethernet Emulation) ver 1.3
[Wed Jun  1 12:55:18 2016] Bluetooth: BNEP filters: protocol multicast
[Wed Jun  1 12:55:18 2016] Bluetooth: BNEP socket layer initialized
[Wed Jun  1 12:55:25 2016] FAT-fs (sdc1): Volume was not properly unmounted. Some data may be corrupt. Please run fsck.
[Wed Jun  1 12:55:25 2016] SELinux: initialized (dev sdc1, type vfat), uses genfs_contexts
[Wed Jun  1 13:10:19 2016] dzaisa: module verification failed: signature and/or required key missing - tainting kernel
[Wed Jun  1 13:10:19 2016] AISA:[367]:[INFO   ] ______________________________________________________ 
[Wed Jun  1 13:10:19 2016] AISA:[368]:[INFO   ]|                                                      |
[Wed Jun  1 13:10:19 2016] AISA:[369]:[INFO   ]|                 AISA Target Registered               |
[Wed Jun  1 13:10:19 2016] AISA:[370]:[INFO   ]|______________________________________________________|
[Wed Jun  1 13:10:19 2016] AISA:[376]:[INFO   ]AISA Target Registered
[Wed Jun  1 13:10:19 2016] AISA:[264]:[INFO   ]sysfs entry /sys/kernel/fvm/display_volume created 
[Wed Jun  1 13:10:19 2016] AISA:[272]:[INFO   ]sysfs entry /sys/kernel/fvm/write created 
[Wed Jun  1 13:10:19 2016] AISA:[280]:[INFO   ]sysfs entry /sys/kernel/fvm/read created 
[Wed Jun  1 13:10:19 2016] AISA:[288]:[INFO   ]sysfs entry /sys/kernel/fvm/object_list created 
[Wed Jun  1 13:10:19 2016] AISA:[296]:[INFO   ]sysfs entry /sys/kernel/fvm/volumes_name created 
[Wed Jun  1 13:10:19 2016] AISA:[304]:[INFO   ]sysfs entry /sys/kernel/fvm/device_name created 
[Wed Jun  1 13:10:19 2016] AISA:[312]:[INFO   ]sysfs entry /sys/kernel/fvm/backstore_name created 
[Wed Jun  1 13:10:19 2016] AISA:[320]:[INFO   ]sysfs entry /sys/kernel/fvm/pba_table_size created 
[Wed Jun  1 13:10:19 2016] AISA:[328]:[INFO   ]sysfs entry /sys/kernel/fvm/hash_table_size created 
[Wed Jun  1 13:10:19 2016] AISA:[336]:[INFO   ]sysfs entry /sys/kernel/fvm/free_page_count created 
[Wed Jun  1 13:10:19 2016] AISA:[344]:[INFO   ]sysfs entry /sys/kernel/fvm/write_io_device created 
[Wed Jun  1 13:10:19 2016] AISA:[352]:[INFO   ]sysfs entry /sys/kernel/fvm/write_io_sector created 
[Wed Jun  1 13:10:19 2016] AISA:[360]:[INFO   ]sysfs entry /sys/kernel/fvm/write_io_size created 
[Wed Jun  1 13:10:19 2016] AISA:[368]:[INFO   ]sysfs entry /sys/kernel/fvm/write_io created 
[Wed Jun  1 13:10:19 2016] AISA:[376]:[INFO   ]sysfs entry /sys/kernel/fvm/read_io_device created 
[Wed Jun  1 13:10:19 2016] AISA:[384]:[INFO   ]sysfs entry /sys/kernel/fvm/read_io_sector created 
[Wed Jun  1 13:10:19 2016] AISA:[392]:[INFO   ]sysfs entry /sys/kernel/fvm/read_io_size created 
[Wed Jun  1 13:10:19 2016] AISA:[400]:[INFO   ]sysfs entry /sys/kernel/fvm/read_io created 
[Wed Jun  1 13:10:19 2016] AISA:[592]:[INFO   ] ____________________________________________ 
[Wed Jun  1 13:10:19 2016] AISA:[593]:[INFO   ]|                                            |
[Wed Jun  1 13:10:19 2016] AISA:[594]:[INFO   ]|           Creating Memory Pools            |
[Wed Jun  1 13:10:19 2016] AISA:[595]:[INFO   ]|____________________________________________|
[Wed Jun  1 13:10:19 2016] AISA:[79]:[INFO   ]bio pool created for 32 bios
[Wed Jun  1 13:10:19 2016] AISA:[525]:[INFO   ]write_page pool created for 32 pages
[Wed Jun  1 13:10:19 2016] AISA:[62]:[INFO   ]Memory Usage: 131072
[Wed Jun  1 13:10:19 2016] AISA:[479]:[INFO   ]read_page pool created for 32 pages
[Wed Jun  1 13:10:19 2016] AISA:[62]:[INFO   ]Memory Usage: 262144
[Wed Jun  1 13:10:19 2016] AISA:[386]:[INFO   ]job pool created for accomodaton 16384 jobs
[Wed Jun  1 13:10:19 2016] AISA:[62]:[INFO   ]Memory Usage: 1179648
[Wed Jun  1 13:10:19 2016] AISA:[185]:[INFO   ]IO Info pool created for accomodating 16384 IOs. Unit Size 256 
[Wed Jun  1 13:10:19 2016] AISA:[62]:[INFO   ]Memory Usage: 5373952
[Wed Jun  1 13:10:19 2016] AISA:[248]:[INFO   ]IO Info pool created for accomodating 16384 IOs. Unit Size 256 
[Wed Jun  1 13:10:19 2016] AISA:[62]:[INFO   ]Memory Usage: 9568256
[Wed Jun  1 13:10:19 2016] AISA:[311]:[INFO   ]IO Info pool created for accomodating 16384 IOs. Unit Size 256 
[Wed Jun  1 13:10:19 2016] AISA:[62]:[INFO   ]Memory Usage: 13762560
[Wed Jun  1 13:10:19 2016] AISA:[139]:[INFO   ]hash pool created
[Wed Jun  1 13:10:19 2016] AISA:[62]:[INFO   ]Memory Usage: 14024704
[Wed Jun  1 13:10:19 2016] AISA:[608]:[INFO   ] ____________________________________________ 
[Wed Jun  1 13:10:19 2016] AISA:[609]:[INFO   ]|____________________________________________|
[Wed Jun  1 13:10:19 2016] AISA:[412]:[INFO   ] ____________________________________________ 
[Wed Jun  1 13:10:19 2016] AISA:[413]:[INFO   ]|                                            |
[Wed Jun  1 13:10:19 2016] AISA:[414]:[INFO   ]|           Creating Thread Pools            |
[Wed Jun  1 13:10:19 2016] AISA:[415]:[INFO   ]|____________________________________________|
[Wed Jun  1 13:10:19 2016] AISA:[107]:[INFO   ]Kthread_create:pid 6722, tgid 6722, Name rtpool_1/16 
[Wed Jun  1 13:10:19 2016] AISA:[107]:[INFO   ]Kthread_create:pid 6723, tgid 6723, Name rtpool_2/16 
[Wed Jun  1 13:10:19 2016] AISA:[107]:[INFO   ]Kthread_create:pid 6724, tgid 6724, Name rtpool_3/16 
[Wed Jun  1 13:10:19 2016] AISA:[107]:[INFO   ]Kthread_create:pid 6725, tgid 6725, Name rtpool_4/16 
[Wed Jun  1 13:10:19 2016] AISA:[107]:[INFO   ]Kthread_create:pid 6726, tgid 6726, Name rtpool_5/16 
[Wed Jun  1 13:10:19 2016] AISA:[107]:[INFO   ]Kthread_create:pid 6727, tgid 6727, Name rtpool_6/16 
[Wed Jun  1 13:10:19 2016] AISA:[107]:[INFO   ]Kthread_create:pid 6728, tgid 6728, Name rtpool_7/16 
